Archive member included to satisfy reference by file (symbol)

/home/rsarwar/Downloads/glibc-2.23/build/elf/rtld-libc.a(rtld-check_fds.os)
                              /home/rsarwar/Downloads/glibc-2.23/build/elf/dl-allobjs.os (__libc_check_standard_fds)
/home/rsarwar/Downloads/glibc-2.23/build/elf/rtld-libc.a(rtld-errno.os)
                              /home/rsarwar/Downloads/glibc-2.23/build/elf/dl-allobjs.os (rtld_errno)
/home/rsarwar/Downloads/glibc-2.23/build/elf/rtld-libc.a(rtld-closedir.os)
                              /home/rsarwar/Downloads/glibc-2.23/build/elf/dl-allobjs.os (__closedir)
/home/rsarwar/Downloads/glibc-2.23/build/elf/rtld-libc.a(rtld-readdir.os)
                              /home/rsarwar/Downloads/glibc-2.23/build/elf/dl-allobjs.os (__readdir)
/home/rsarwar/Downloads/glibc-2.23/build/elf/rtld-libc.a(rtld-rewinddir.os)
                              /home/rsarwar/Downloads/glibc-2.23/build/elf/dl-allobjs.os (__rewinddir)
/home/rsarwar/Downloads/glibc-2.23/build/elf/rtld-libc.a(rtld-getdents.os)
                              /home/rsarwar/Downloads/glibc-2.23/build/elf/rtld-libc.a(rtld-readdir.os) (__getdents)
/home/rsarwar/Downloads/glibc-2.23/build/elf/rtld-libc.a(rtld-fdopendir.os)
                              /home/rsarwar/Downloads/glibc-2.23/build/elf/dl-allobjs.os (__fdopendir)
/home/rsarwar/Downloads/glibc-2.23/build/elf/rtld-libc.a(rtld-profil.os)
                              /home/rsarwar/Downloads/glibc-2.23/build/elf/dl-allobjs.os (__profil)
/home/rsarwar/Downloads/glibc-2.23/build/elf/rtld-libc.a(rtld-prof-freq.os)
                              /home/rsarwar/Downloads/glibc-2.23/build/elf/dl-allobjs.os (__profile_frequency)
/home/rsarwar/Downloads/glibc-2.23/build/elf/rtld-libc.a(rtld-xstat.os)
                              /home/rsarwar/Downloads/glibc-2.23/build/elf/dl-allobjs.os (__GI___xstat64)
/home/rsarwar/Downloads/glibc-2.23/build/elf/rtld-libc.a(rtld-fxstat.os)
                              /home/rsarwar/Downloads/glibc-2.23/build/elf/dl-allobjs.os (__GI___fxstat64)
/home/rsarwar/Downloads/glibc-2.23/build/elf/rtld-libc.a(rtld-lxstat.os)
                              /home/rsarwar/Downloads/glibc-2.23/build/elf/dl-allobjs.os (__GI___lxstat64)
/home/rsarwar/Downloads/glibc-2.23/build/elf/rtld-libc.a(rtld-open.os)
                              /home/rsarwar/Downloads/glibc-2.23/build/elf/dl-allobjs.os (__open)
/home/rsarwar/Downloads/glibc-2.23/build/elf/rtld-libc.a(rtld-read.os)
                              /home/rsarwar/Downloads/glibc-2.23/build/elf/dl-allobjs.os (__libc_read)
/home/rsarwar/Downloads/glibc-2.23/build/elf/rtld-libc.a(rtld-write.os)
                              /home/rsarwar/Downloads/glibc-2.23/build/elf/dl-allobjs.os (__libc_write)
/home/rsarwar/Downloads/glibc-2.23/build/elf/rtld-libc.a(rtld-access.os)
                              /home/rsarwar/Downloads/glibc-2.23/build/elf/dl-allobjs.os (__access)
/home/rsarwar/Downloads/glibc-2.23/build/elf/rtld-libc.a(rtld-fcntl.os)
                              /home/rsarwar/Downloads/glibc-2.23/build/elf/rtld-libc.a(rtld-check_fds.os) (__libc_fcntl)
/home/rsarwar/Downloads/glibc-2.23/build/elf/rtld-libc.a(rtld-close.os)
                              /home/rsarwar/Downloads/glibc-2.23/build/elf/dl-allobjs.os (__close)
/home/rsarwar/Downloads/glibc-2.23/build/elf/rtld-libc.a(rtld-mmap.os)
                              /home/rsarwar/Downloads/glibc-2.23/build/elf/dl-allobjs.os (__mmap)
/home/rsarwar/Downloads/glibc-2.23/build/elf/rtld-libc.a(rtld-munmap.os)
                              /home/rsarwar/Downloads/glibc-2.23/build/elf/dl-allobjs.os (__munmap)
/home/rsarwar/Downloads/glibc-2.23/build/elf/rtld-libc.a(rtld-mprotect.os)
                              /home/rsarwar/Downloads/glibc-2.23/build/elf/dl-allobjs.os (__mprotect)
/home/rsarwar/Downloads/glibc-2.23/build/elf/rtld-libc.a(rtld-llseek.os)
                              /home/rsarwar/Downloads/glibc-2.23/build/elf/dl-allobjs.os (__lseek)
/home/rsarwar/Downloads/glibc-2.23/build/elf/rtld-libc.a(rtld-uname.os)
                              /home/rsarwar/Downloads/glibc-2.23/build/elf/dl-allobjs.os (__uname)
/home/rsarwar/Downloads/glibc-2.23/build/elf/rtld-libc.a(rtld-_exit.os)
                              /home/rsarwar/Downloads/glibc-2.23/build/elf/dl-allobjs.os (__GI__exit)
/home/rsarwar/Downloads/glibc-2.23/build/elf/rtld-libc.a(rtld-getpid.os)
                              /home/rsarwar/Downloads/glibc-2.23/build/elf/dl-allobjs.os (__getpid)
/home/rsarwar/Downloads/glibc-2.23/build/elf/rtld-libc.a(rtld-environ.os)
                              /home/rsarwar/Downloads/glibc-2.23/build/elf/dl-allobjs.os (__environ)
/home/rsarwar/Downloads/glibc-2.23/build/elf/rtld-libc.a(rtld-setjmp.os)
                              /home/rsarwar/Downloads/glibc-2.23/build/elf/dl-allobjs.os (__sigsetjmp)
/home/rsarwar/Downloads/glibc-2.23/build/elf/rtld-libc.a(rtld-__longjmp.os)
                              /home/rsarwar/Downloads/glibc-2.23/build/elf/dl-allobjs.os (__longjmp)
/home/rsarwar/Downloads/glibc-2.23/build/elf/rtld-libc.a(rtld-sigaction.os)
                              /home/rsarwar/Downloads/glibc-2.23/build/elf/rtld-libc.a(rtld-profil.os) (__sigaction)
/home/rsarwar/Downloads/glibc-2.23/build/elf/rtld-libc.a(rtld-strchr.os)
                              /home/rsarwar/Downloads/glibc-2.23/build/elf/dl-allobjs.os (strchr)
/home/rsarwar/Downloads/glibc-2.23/build/elf/rtld-libc.a(rtld-strcmp.os)
                              /home/rsarwar/Downloads/glibc-2.23/build/elf/dl-allobjs.os (strcmp)
/home/rsarwar/Downloads/glibc-2.23/build/elf/rtld-libc.a(rtld-strdup.os)
                              /home/rsarwar/Downloads/glibc-2.23/build/elf/dl-allobjs.os (__strdup)
/home/rsarwar/Downloads/glibc-2.23/build/elf/rtld-libc.a(rtld-strlen.os)
                              /home/rsarwar/Downloads/glibc-2.23/build/elf/dl-allobjs.os (strlen)
/home/rsarwar/Downloads/glibc-2.23/build/elf/rtld-libc.a(rtld-strnlen.os)
                              /home/rsarwar/Downloads/glibc-2.23/build/elf/dl-allobjs.os (strnlen)
/home/rsarwar/Downloads/glibc-2.23/build/elf/rtld-libc.a(rtld-memchr.os)
                              /home/rsarwar/Downloads/glibc-2.23/build/elf/dl-allobjs.os (memchr)
/home/rsarwar/Downloads/glibc-2.23/build/elf/rtld-libc.a(rtld-memcmp.os)
                              /home/rsarwar/Downloads/glibc-2.23/build/elf/dl-allobjs.os (memcmp)
/home/rsarwar/Downloads/glibc-2.23/build/elf/rtld-libc.a(rtld-memmove.os)
                              /home/rsarwar/Downloads/glibc-2.23/build/elf/dl-allobjs.os (memmove)
/home/rsarwar/Downloads/glibc-2.23/build/elf/rtld-libc.a(rtld-memset.os)
                              /home/rsarwar/Downloads/glibc-2.23/build/elf/dl-allobjs.os (memset)
/home/rsarwar/Downloads/glibc-2.23/build/elf/rtld-libc.a(rtld-stpcpy.os)
                              /home/rsarwar/Downloads/glibc-2.23/build/elf/dl-allobjs.os (__stpcpy)
/home/rsarwar/Downloads/glibc-2.23/build/elf/rtld-libc.a(rtld-memcpy.os)
                              /home/rsarwar/Downloads/glibc-2.23/build/elf/dl-allobjs.os (memcpy)
/home/rsarwar/Downloads/glibc-2.23/build/elf/rtld-libc.a(rtld-wordcopy.os)
                              /home/rsarwar/Downloads/glibc-2.23/build/elf/rtld-libc.a(rtld-memmove.os) (_wordcopy_fwd_aligned)
/home/rsarwar/Downloads/glibc-2.23/build/elf/rtld-libc.a(rtld-rawmemchr.os)
                              /home/rsarwar/Downloads/glibc-2.23/build/elf/dl-allobjs.os (rawmemchr)
/home/rsarwar/Downloads/glibc-2.23/build/elf/rtld-libc.a(rtld-setitimer.os)
                              /home/rsarwar/Downloads/glibc-2.23/build/elf/rtld-libc.a(rtld-profil.os) (__setitimer)

Memory Configuration

Name             Origin             Length             Attributes
*default*        0x0000000000000000 0xffffffffffffffff

Linker script and memory map

START GROUP
LOAD /home/rsarwar/Downloads/glibc-2.23/build/elf/dl-allobjs.os
LOAD /home/rsarwar/Downloads/glibc-2.23/build/elf/rtld-libc.a
LOAD /usr/lib/gcc/x86_64-linux-gnu/7/libgcc.a
END GROUP

.interp
 *(.interp)

.note.gnu.build-id
 *(.note.gnu.build-id)

.hash
 *(.hash)

.gnu.hash
 *(.gnu.hash)

.dynsym
 *(.dynsym)

.dynstr
 *(.dynstr)

.gnu.version
 *(.gnu.version)

.gnu.version_d
 *(.gnu.version_d)

.gnu.version_r
 *(.gnu.version_r)

.rela.init
 *(.rela.init)

.rela.text
 *(.rela.text)

.rela.fini
 *(.rela.fini)

.rela.rodata
 *(.rela.rodata)

.rela.data.rel.ro
 *(.rela.data.rel.ro)

.rela.data
 *(.rela.data)

.rela.tdata
 *(.rela.tdata)

.rela.tbss
 *(.rela.tbss)

.rela.ctors
 *(.rela.ctors)

.rela.dtors
 *(.rela.dtors)

.rela.got
 *(.rela.got)

.rela.bss
 *(.rela.bss)

.rela.ldata
 *(.rela.ldata)

.rela.lbss
 *(.rela.lbss)

.rela.lrodata
 *(.rela.lrodata)

.rela.ifunc
 *(.rela.ifunc)

.rela.plt
 *(.rela.plt)

.init
 *(SORT_NONE(.init))

.plt
 *(.plt)
 *(.iplt)

.plt.got
 *(.plt.got)

.plt.sec
 *(.plt.sec)

.text           0x0000000000000000    0x1b480
 *(.text .stub)
 .text          0x0000000000000000    0x17c40 /home/rsarwar/Downloads/glibc-2.23/build/elf/dl-allobjs.os
                0x0000000000000000                _start
                0x0000000000000008                _dl_start_user
                0x0000000000000050                _dl_initial_error_catch_tsd
                0x00000000000067d0                _dl_dst_count
                0x0000000000006880                _dl_dst_substitute
                0x0000000000007160                _dl_init_paths
                0x00000000000075b0                _dl_map_object
                0x0000000000008000                _dl_rtld_di_serinfo
                0x0000000000008f20                _dl_lookup_symbol_x
                0x000000000000a090                _dl_setup_hash
                0x000000000000a140                _dl_add_to_namespace_list
                0x000000000000a1d0                _dl_new_object
                0x000000000000a550                _dl_try_allocate_static_tls
                0x000000000000a630                _dl_allocate_static_tls
                0x000000000000a660                _dl_nothread_init_static_tls
                0x000000000000a6b0                _dl_protect_relro
                0x000000000000a720                _dl_reloc_bad_type
                0x000000000000a7f0                _dl_relocate_object
                0x000000000000bf70                _dl_map_object_deps
                0x000000000000d330                _dl_important_hwcaps
                0x000000000000da60                _dl_fixup
                0x000000000000dc00                _dl_profile_fixup
                0x000000000000e1b0                _dl_call_pltexit
                0x000000000000e2a0                _dl_signal_error
                0x000000000000e450                _dl_signal_cerror
                0x000000000000e4e0                _dl_catch_error
                0x000000000000e5b0                _dl_receive_error
                0x000000000000e740                _dl_init
                0x000000000000e880                _dl_sort_fini
                0x000000000000eb60                _dl_fini
                0x000000000000ef20                _dl_debug_state
                0x000000000000ef20                __GI__dl_debug_state
                0x000000000000ef30                _dl_debug_initialize
                0x000000000000f5c0                _dl_sysdep_read_whole_file
                0x000000000000f650                _dl_debug_printf
                0x000000000000f700                _dl_debug_printf_c
                0x000000000000f7b0                _dl_dprintf
                0x000000000000f850                _dl_name_match_p
                0x000000000000f8c0                _dl_higher_prime_number
                0x000000000000fd40                _dl_check_map_versions
                0x00000000000101a0                _dl_check_all_versions
                0x0000000000010210                _dl_start_profile
                0x0000000000010970                __GI__dl_mcount
                0x0000000000010970                _dl_mcount
                0x0000000000010bb0                _dl_resolve_conflicts
                0x0000000000010fd0                _dl_next_tls_modid
                0x00000000000110d0                _dl_count_modids
                0x0000000000011140                _dl_determine_tlsoffset
                0x0000000000011300                __GI__dl_tls_setup
                0x0000000000011300                _dl_tls_setup
                0x00000000000113b0                _dl_get_tls_static_info
                0x00000000000113d0                _dl_allocate_tls_storage
                0x0000000000011470                __GI__dl_allocate_tls_init
                0x0000000000011470                _dl_allocate_tls_init
                0x00000000000116e0                __GI__dl_allocate_tls
                0x00000000000116e0                _dl_allocate_tls
                0x0000000000011720                _dl_deallocate_tls
                0x0000000000011720                __GI__dl_deallocate_tls
                0x00000000000117c0                _dl_update_slotinfo
                0x0000000000011a70                __GI___tls_get_addr
                0x0000000000011a70                __tls_get_addr
                0x0000000000011ab0                _dl_tls_get_addr_soft
                0x0000000000011b30                _dl_add_to_slotinfo
                0x0000000000011c20                _dl_get_origin
                0x0000000000011db0                _dl_scope_free
                0x0000000000011e80                _dl_make_stack_executable
                0x0000000000011e80                __GI__dl_make_stack_executable
                0x0000000000011f10                _dl_check_caller
                0x0000000000012300                __GI__dl_find_dso_for_object
                0x0000000000012300                _dl_find_dso_for_object
                0x00000000000123e0                _dl_open
                0x00000000000127d0                _dl_show_scope
                0x0000000000013270                _dl_addr_inside_object
                0x0000000000013420                _dl_close_worker
                0x0000000000014470                _dl_close
                0x0000000000014500                _dl_runtime_resolve_avx512
                0x0000000000014670                _dl_runtime_profile_avx512
                0x0000000000014af0                _dl_runtime_resolve_avx
                0x0000000000014c50                _dl_runtime_profile_avx
                0x00000000000150d0                _dl_runtime_resolve_sse
                0x0000000000015200                _dl_runtime_profile_sse
                0x0000000000015400                _dl_cache_libcmp
                0x00000000000154d0                _dl_load_cache_lookup
                0x0000000000015aa0                _dl_unload_cache
                0x0000000000015ae0                _dl_make_tlsdesc_dynamic
                0x0000000000015de0                _dl_tlsdesc_resolve_rela_fixup
                0x0000000000015fa0                _dl_tlsdesc_resolve_hold_fixup
                0x0000000000015fe0                _dl_unmap
                0x0000000000016060                _dl_tlsdesc_return
                0x0000000000016070                _dl_tlsdesc_undefweak
                0x0000000000016080                _dl_tlsdesc_dynamic
                0x0000000000016120                _dl_tlsdesc_resolve_rela
                0x0000000000016190                _dl_tlsdesc_resolve_hold
                0x0000000000016210                __get_cpu_features
                0x0000000000016220                _dl_sysdep_start
                0x00000000000169b0                _dl_sysdep_start_cleanup
                0x00000000000169c0                _dl_show_auxv
                0x0000000000016b40                _dl_discover_osversion
                0x0000000000016d20                _dl_next_ld_env_entry
                0x0000000000016d70                unsetenv
                0x0000000000016de0                __libc_memalign
                0x0000000000016f00                malloc
                0x0000000000016f10                calloc
                0x0000000000016f50                free
                0x0000000000016f90                __sigjmp_save
                0x0000000000016fa0                __strerror_r
                0x0000000000017080                __GI___libc_fatal
                0x0000000000017080                __libc_fatal
                0x00000000000170b0                __GI___chk_fail
                0x00000000000170b0                __chk_fail
                0x00000000000170c0                __GI___assert_fail
                0x00000000000170c0                __assert_fail
                0x0000000000017110                realloc
                0x00000000000171a0                __GI___assert_perror_fail
                0x00000000000171a0                __assert_perror_fail
                0x0000000000017210                __strtoul_internal
                0x00000000000173b0                _itoa
                0x0000000000017400                __strsep
                0x0000000000017400                strsep
                0x0000000000017400                __strsep_g
                0x0000000000017490                __brk
                0x0000000000017490                brk
                0x00000000000174e0                sbrk
                0x00000000000174e0                __sbrk
                0x0000000000017570                __getcwd
                0x0000000000017570                getcwd
                0x00000000000179d0                openat64
                0x0000000000017a40                __alloc_dir
                0x0000000000017b40                __opendir
                0x0000000000017b40                opendir
                0x0000000000017bf0                __fxstatat
                0x0000000000017bf0                __fxstatat64
                0x0000000000017bf0                __GI___fxstatat64
 .text          0x0000000000017c40       0xe2 /home/rsarwar/Downloads/glibc-2.23/build/elf/rtld-libc.a(rtld-check_fds.os)
                0x0000000000017cf0                __libc_check_standard_fds
 .text          0x0000000000017d22        0x0 /home/rsarwar/Downloads/glibc-2.23/build/elf/rtld-libc.a(rtld-errno.os)
 *fill*         0x0000000000017d22        0xe 
 .text          0x0000000000017d30       0x50 /home/rsarwar/Downloads/glibc-2.23/build/elf/rtld-libc.a(rtld-closedir.os)
                0x0000000000017d30                __closedir
                0x0000000000017d30                closedir
 .text          0x0000000000017d80       0x8d /home/rsarwar/Downloads/glibc-2.23/build/elf/rtld-libc.a(rtld-readdir.os)
                0x0000000000017d80                readdir
                0x0000000000017d80                __readdir64
                0x0000000000017d80                __readdir
                0x0000000000017d80                readdir64
 *fill*         0x0000000000017e0d        0x3 
 .text          0x0000000000017e10       0x30 /home/rsarwar/Downloads/glibc-2.23/build/elf/rtld-libc.a(rtld-rewinddir.os)
                0x0000000000017e10                rewinddir
                0x0000000000017e10                __rewinddir
 .text          0x0000000000017e40       0x89 /home/rsarwar/Downloads/glibc-2.23/build/elf/rtld-libc.a(rtld-getdents.os)
                0x0000000000017e40                __getdents
                0x0000000000017e40                __getdents64
 *fill*         0x0000000000017ec9        0x7 
 .text          0x0000000000017ed0       0x9e /home/rsarwar/Downloads/glibc-2.23/build/elf/rtld-libc.a(rtld-fdopendir.os)
                0x0000000000017ed0                fdopendir
                0x0000000000017ed0                __fdopendir
 *fill*         0x0000000000017f6e        0x2 
 .text          0x0000000000017f70      0x103 /home/rsarwar/Downloads/glibc-2.23/build/elf/rtld-libc.a(rtld-profil.os)
                0x0000000000017fc0                __profil
                0x0000000000017fc0                profil
 *fill*         0x0000000000018073        0xd 
 .text          0x0000000000018080        0x7 /home/rsarwar/Downloads/glibc-2.23/build/elf/rtld-libc.a(rtld-prof-freq.os)
                0x0000000000018080                __profile_frequency
 *fill*         0x0000000000018087        0x9 
 .text          0x0000000000018090       0x40 /home/rsarwar/Downloads/glibc-2.23/build/elf/rtld-libc.a(rtld-xstat.os)
                0x0000000000018090                _xstat
                0x0000000000018090                __xstat64
                0x0000000000018090                __GI___xstat64
                0x0000000000018090                __GI___xstat
                0x0000000000018090                __xstat
 .text          0x00000000000180d0       0x40 /home/rsarwar/Downloads/glibc-2.23/build/elf/rtld-libc.a(rtld-fxstat.os)
                0x00000000000180d0                __GI___fxstat
                0x00000000000180d0                __GI___fxstat64
                0x00000000000180d0                __fxstat64
                0x00000000000180d0                _fxstat
                0x00000000000180d0                __fxstat
 .text          0x0000000000018110       0x40 /home/rsarwar/Downloads/glibc-2.23/build/elf/rtld-libc.a(rtld-lxstat.os)
                0x0000000000018110                __GI___lxstat
                0x0000000000018110                _lxstat
                0x0000000000018110                __lxstat
                0x0000000000018110                __lxstat64
                0x0000000000018110                __GI___lxstat64
 .text          0x0000000000018150       0x20 /home/rsarwar/Downloads/glibc-2.23/build/elf/rtld-libc.a(rtld-open.os)
                0x0000000000018150                __GI___open64
                0x0000000000018150                __open
                0x0000000000018150                __GI_open
                0x0000000000018150                __GI___open
                0x0000000000018150                __GI_open64
                0x0000000000018150                __libc_open
                0x0000000000018150                open64
                0x0000000000018150                __GI___libc_open
                0x0000000000018150                open
                0x0000000000018150                __open64
 .text          0x0000000000018170       0x20 /home/rsarwar/Downloads/glibc-2.23/build/elf/rtld-libc.a(rtld-read.os)
                0x0000000000018170                __read
                0x0000000000018170                __GI_read
                0x0000000000018170                __libc_read
                0x0000000000018170                __GI___read
                0x0000000000018170                read
                0x0000000000018170                __GI___libc_read
 .text          0x0000000000018190       0x20 /home/rsarwar/Downloads/glibc-2.23/build/elf/rtld-libc.a(rtld-write.os)
                0x0000000000018190                __write
                0x0000000000018190                __GI_write
                0x0000000000018190                write
                0x0000000000018190                __GI___libc_write
                0x0000000000018190                __GI___write
                0x0000000000018190                __libc_write
 .text          0x00000000000181b0       0x20 /home/rsarwar/Downloads/glibc-2.23/build/elf/rtld-libc.a(rtld-access.os)
                0x00000000000181b0                __GI_access
                0x00000000000181b0                __GI___access
                0x00000000000181b0                access
                0x00000000000181b0                __access
 .text          0x00000000000181d0       0x7e /home/rsarwar/Downloads/glibc-2.23/build/elf/rtld-libc.a(rtld-fcntl.os)
                0x00000000000181d0                __libc_fcntl
                0x00000000000181d0                __fcntl
                0x00000000000181d0                fcntl
 *fill*         0x000000000001824e        0x2 
 .text          0x0000000000018250       0x20 /home/rsarwar/Downloads/glibc-2.23/build/elf/rtld-libc.a(rtld-close.os)
                0x0000000000018250                __GI_close
                0x0000000000018250                __GI___libc_close
                0x0000000000018250                __libc_close
                0x0000000000018250                __close
                0x0000000000018250                __GI___close
                0x0000000000018250                close
 .text          0x0000000000018270       0xa1 /home/rsarwar/Downloads/glibc-2.23/build/elf/rtld-libc.a(rtld-mmap.os)
                0x0000000000018270                __mmap
                0x0000000000018270                mmap
                0x0000000000018270                __mmap64
                0x0000000000018270                mmap64
 *fill*         0x0000000000018311        0xf 
 .text          0x0000000000018320       0x20 /home/rsarwar/Downloads/glibc-2.23/build/elf/rtld-libc.a(rtld-munmap.os)
                0x0000000000018320                munmap
                0x0000000000018320                __GI___munmap
                0x0000000000018320                __GI_munmap
                0x0000000000018320                __munmap
 .text          0x0000000000018340       0x20 /home/rsarwar/Downloads/glibc-2.23/build/elf/rtld-libc.a(rtld-mprotect.os)
                0x0000000000018340                __mprotect
                0x0000000000018340                __GI___mprotect
                0x0000000000018340                __GI_mprotect
                0x0000000000018340                mprotect
 .text          0x0000000000018360       0x20 /home/rsarwar/Downloads/glibc-2.23/build/elf/rtld-libc.a(rtld-llseek.os)
                0x0000000000018360                __GI___lseek
                0x0000000000018360                __GI_lseek64
                0x0000000000018360                __llseek
                0x0000000000018360                __GI_llseek
                0x0000000000018360                __lseek64
                0x0000000000018360                lseek
                0x0000000000018360                __libc_lseek64
                0x0000000000018360                __GI___libc_lseek64
                0x0000000000018360                __GI___libc_lseek
                0x0000000000018360                llseek
                0x0000000000018360                __lseek
                0x0000000000018360                __GI___lseek64
                0x0000000000018360                __libc_lseek
                0x0000000000018360                __GI___llseek
                0x0000000000018360                __GI_lseek
                0x0000000000018360                lseek64
 .text          0x0000000000018380       0x20 /home/rsarwar/Downloads/glibc-2.23/build/elf/rtld-libc.a(rtld-uname.os)
                0x0000000000018380                uname
                0x0000000000018380                __GI_uname
                0x0000000000018380                __uname
                0x0000000000018380                __GI___uname
 .text          0x00000000000183a0       0x4a /home/rsarwar/Downloads/glibc-2.23/build/elf/rtld-libc.a(rtld-_exit.os)
                0x00000000000183a0                _Exit
                0x00000000000183a0                __GI__exit
                0x00000000000183a0                _exit
 *fill*         0x00000000000183ea        0x6 
 .text          0x00000000000183f0        0x8 /home/rsarwar/Downloads/glibc-2.23/build/elf/rtld-libc.a(rtld-getpid.os)
                0x00000000000183f0                __getpid
                0x00000000000183f0                getpid
 .text          0x00000000000183f8        0x0 /home/rsarwar/Downloads/glibc-2.23/build/elf/rtld-libc.a(rtld-environ.os)
 *fill*         0x00000000000183f8        0x8 
 .text          0x0000000000018400       0x4f /home/rsarwar/Downloads/glibc-2.23/build/elf/rtld-libc.a(rtld-setjmp.os)
                0x0000000000018400                __sigsetjmp
                0x0000000000018400                __GI___sigsetjmp
 *fill*         0x000000000001844f        0x1 
 .text          0x0000000000018450       0x4a /home/rsarwar/Downloads/glibc-2.23/build/elf/rtld-libc.a(rtld-__longjmp.os)
                0x0000000000018450                __longjmp
 *fill*         0x000000000001849a        0x6 
 .text          0x00000000000184a0      0x1e0 /home/rsarwar/Downloads/glibc-2.23/build/elf/rtld-libc.a(rtld-sigaction.os)
                0x00000000000184c0                __libc_sigaction
                0x0000000000018660                sigaction
                0x0000000000018660                __sigaction
 .text          0x0000000000018680      0x21a /home/rsarwar/Downloads/glibc-2.23/build/elf/rtld-libc.a(rtld-strchr.os)
                0x0000000000018680                index
                0x0000000000018680                strchr
 *fill*         0x000000000001889a        0x6 
 .text          0x00000000000188a0     0x1439 /home/rsarwar/Downloads/glibc-2.23/build/elf/rtld-libc.a(rtld-strcmp.os)
                0x00000000000188a0                strcmp
 *fill*         0x0000000000019cd9        0x7 
 .text          0x0000000000019ce0       0x41 /home/rsarwar/Downloads/glibc-2.23/build/elf/rtld-libc.a(rtld-strdup.os)
                0x0000000000019ce0                __strdup
                0x0000000000019ce0                strdup
 *fill*         0x0000000000019d21        0xf 
 .text          0x0000000000019d30      0x19c /home/rsarwar/Downloads/glibc-2.23/build/elf/rtld-libc.a(rtld-strlen.os)
                0x0000000000019d30                strlen
 *fill*         0x0000000000019ecc        0x4 
 .text          0x0000000000019ed0      0x218 /home/rsarwar/Downloads/glibc-2.23/build/elf/rtld-libc.a(rtld-strnlen.os)
                0x0000000000019ed0                __strnlen
                0x0000000000019ed0                strnlen
 *fill*         0x000000000001a0e8        0x8 
 .text          0x000000000001a0f0      0x344 /home/rsarwar/Downloads/glibc-2.23/build/elf/rtld-libc.a(rtld-memchr.os)
                0x000000000001a0f0                memchr
                0x000000000001a0f0                __memchr
 *fill*         0x000000000001a434        0xc 
 .text          0x000000000001a440      0x400 /home/rsarwar/Downloads/glibc-2.23/build/elf/rtld-libc.a(rtld-memcmp.os)
                0x000000000001a440                bcmp
                0x000000000001a440                memcmp
 .text          0x000000000001a840      0x17f /home/rsarwar/Downloads/glibc-2.23/build/elf/rtld-libc.a(rtld-memmove.os)
                0x000000000001a840                memmove
 *fill*         0x000000000001a9bf        0x1 
 .text          0x000000000001a9c0       0xe3 /home/rsarwar/Downloads/glibc-2.23/build/elf/rtld-libc.a(rtld-memset.os)
                0x000000000001a9c0                memset
 *fill*         0x000000000001aaa3        0xd 
 .text          0x000000000001aab0       0xdc /home/rsarwar/Downloads/glibc-2.23/build/elf/rtld-libc.a(rtld-stpcpy.os)
                0x000000000001aab0                stpcpy
                0x000000000001aab0                __stpcpy
 *fill*         0x000000000001ab8c        0x4 
 .text          0x000000000001ab90      0x160 /home/rsarwar/Downloads/glibc-2.23/build/elf/rtld-libc.a(rtld-memcpy.os)
                0x000000000001ab90                memcpy
 .text          0x000000000001acf0      0x556 /home/rsarwar/Downloads/glibc-2.23/build/elf/rtld-libc.a(rtld-wordcopy.os)
                0x000000000001acf0                _wordcopy_fwd_aligned
                0x000000000001ae30                _wordcopy_fwd_dest_aligned
                0x000000000001af60                _wordcopy_bwd_aligned
                0x000000000001b0f0                _wordcopy_bwd_dest_aligned
 *fill*         0x000000000001b246        0xa 
 .text          0x000000000001b250      0x204 /home/rsarwar/Downloads/glibc-2.23/build/elf/rtld-libc.a(rtld-rawmemchr.os)
                0x000000000001b250                __rawmemchr
                0x000000000001b250                rawmemchr
 *fill*         0x000000000001b454        0xc 
 .text          0x000000000001b460       0x20 /home/rsarwar/Downloads/glibc-2.23/build/elf/rtld-libc.a(rtld-setitimer.os)
                0x000000000001b460                setitimer
                0x000000000001b460                __setitimer
                0x000000000001b460                __GI_setitimer
                0x000000000001b460                __GI___setitimer
 *(.gnu.warning)

.text.unlikely  0x0000000000000000      0x1fc
 .text.unlikely
                0x0000000000000000      0x1fc /home/rsarwar/Downloads/glibc-2.23/build/elf/dl-allobjs.os

.fini
 *(SORT_NONE(.fini))

.rodata         0x0000000000000000      0xcf0
 *(.rodata)
 .rodata        0x0000000000000000      0xc70 /home/rsarwar/Downloads/glibc-2.23/build/elf/dl-allobjs.os
                0x0000000000000c60                __GI__itoa_lower_digits
                0x0000000000000c60                _itoa_lower_digits
 .rodata        0x0000000000000c70       0x40 /home/rsarwar/Downloads/glibc-2.23/build/elf/rtld-libc.a(rtld-strcmp.os)
 .rodata        0x0000000000000cb0       0x40 /home/rsarwar/Downloads/glibc-2.23/build/elf/rtld-libc.a(rtld-wordcopy.os)

.rodata.str1.1  0x0000000000000000      0xf05
 .rodata.str1.1
                0x0000000000000000      0xef1 /home/rsarwar/Downloads/glibc-2.23/build/elf/dl-allobjs.os
 .rodata.str1.1
                0x0000000000000ef1       0x14 /home/rsarwar/Downloads/glibc-2.23/build/elf/rtld-libc.a(rtld-check_fds.os)

.rodata.str1.8  0x0000000000000000     0x22c9
 .rodata.str1.8
                0x0000000000000000     0x22c9 /home/rsarwar/Downloads/glibc-2.23/build/elf/dl-allobjs.os

.rodata.str1.16
                0x0000000000000000      0x373
 .rodata.str1.16
                0x0000000000000000      0x373 /home/rsarwar/Downloads/glibc-2.23/build/elf/dl-allobjs.os

.rodata.cst16   0x0000000000000000       0x70
 .rodata.cst16  0x0000000000000000       0x70 /home/rsarwar/Downloads/glibc-2.23/build/elf/dl-allobjs.os

.rodata.cst4    0x0000000000000000        0x4
 .rodata.cst4   0x0000000000000000        0x4 /home/rsarwar/Downloads/glibc-2.23/build/elf/dl-allobjs.os

.rodata.str1.32
                0x0000000000000000       0x3b
 .rodata.str1.32
                0x0000000000000000       0x3b /home/rsarwar/Downloads/glibc-2.23/build/elf/dl-allobjs.os

.rodata1
 *(.rodata1)

.eh_frame_hdr
 *(.eh_frame_hdr)

.eh_frame       0x0000000000000000     0x2aac
 *(.eh_frame)
 .eh_frame      0x0000000000000000     0x2070 /home/rsarwar/Downloads/glibc-2.23/build/elf/dl-allobjs.os
                                       0x20bc (size before relaxing)
 *fill*         0x0000000000002070        0x0 
 .eh_frame      0x0000000000002070       0x68 /home/rsarwar/Downloads/glibc-2.23/build/elf/rtld-libc.a(rtld-check_fds.os)
 .eh_frame      0x00000000000020d8       0x40 /home/rsarwar/Downloads/glibc-2.23/build/elf/rtld-libc.a(rtld-closedir.os)
 .eh_frame      0x0000000000002118       0x48 /home/rsarwar/Downloads/glibc-2.23/build/elf/rtld-libc.a(rtld-readdir.os)
 .eh_frame      0x0000000000002160       0x38 /home/rsarwar/Downloads/glibc-2.23/build/elf/rtld-libc.a(rtld-rewinddir.os)
 .eh_frame      0x0000000000002198       0x68 /home/rsarwar/Downloads/glibc-2.23/build/elf/rtld-libc.a(rtld-getdents.os)
 .eh_frame      0x0000000000002200       0x50 /home/rsarwar/Downloads/glibc-2.23/build/elf/rtld-libc.a(rtld-fdopendir.os)
 .eh_frame      0x0000000000002250       0x48 /home/rsarwar/Downloads/glibc-2.23/build/elf/rtld-libc.a(rtld-profil.os)
 .eh_frame      0x0000000000002298       0x30 /home/rsarwar/Downloads/glibc-2.23/build/elf/rtld-libc.a(rtld-prof-freq.os)
 .eh_frame      0x00000000000022c8       0x30 /home/rsarwar/Downloads/glibc-2.23/build/elf/rtld-libc.a(rtld-xstat.os)
 .eh_frame      0x00000000000022f8       0x30 /home/rsarwar/Downloads/glibc-2.23/build/elf/rtld-libc.a(rtld-fxstat.os)
 .eh_frame      0x0000000000002328       0x30 /home/rsarwar/Downloads/glibc-2.23/build/elf/rtld-libc.a(rtld-lxstat.os)
 .eh_frame      0x0000000000002358       0x30 /home/rsarwar/Downloads/glibc-2.23/build/elf/rtld-libc.a(rtld-open.os)
 .eh_frame      0x0000000000002388       0x30 /home/rsarwar/Downloads/glibc-2.23/build/elf/rtld-libc.a(rtld-read.os)
 .eh_frame      0x00000000000023b8       0x30 /home/rsarwar/Downloads/glibc-2.23/build/elf/rtld-libc.a(rtld-write.os)
 .eh_frame      0x00000000000023e8       0x30 /home/rsarwar/Downloads/glibc-2.23/build/elf/rtld-libc.a(rtld-access.os)
 .eh_frame      0x0000000000002418       0x30 /home/rsarwar/Downloads/glibc-2.23/build/elf/rtld-libc.a(rtld-fcntl.os)
 .eh_frame      0x0000000000002448       0x30 /home/rsarwar/Downloads/glibc-2.23/build/elf/rtld-libc.a(rtld-close.os)
 .eh_frame      0x0000000000002478       0x60 /home/rsarwar/Downloads/glibc-2.23/build/elf/rtld-libc.a(rtld-mmap.os)
 .eh_frame      0x00000000000024d8       0x30 /home/rsarwar/Downloads/glibc-2.23/build/elf/rtld-libc.a(rtld-munmap.os)
 .eh_frame      0x0000000000002508       0x30 /home/rsarwar/Downloads/glibc-2.23/build/elf/rtld-libc.a(rtld-mprotect.os)
 .eh_frame      0x0000000000002538       0x30 /home/rsarwar/Downloads/glibc-2.23/build/elf/rtld-libc.a(rtld-llseek.os)
 .eh_frame      0x0000000000002568       0x30 /home/rsarwar/Downloads/glibc-2.23/build/elf/rtld-libc.a(rtld-uname.os)
 .eh_frame      0x0000000000002598       0x30 /home/rsarwar/Downloads/glibc-2.23/build/elf/rtld-libc.a(rtld-_exit.os)
 .eh_frame      0x00000000000025c8       0x30 /home/rsarwar/Downloads/glibc-2.23/build/elf/rtld-libc.a(rtld-getpid.os)
 .eh_frame      0x00000000000025f8       0x30 /home/rsarwar/Downloads/glibc-2.23/build/elf/rtld-libc.a(rtld-setjmp.os)
 .eh_frame      0x0000000000002628       0x48 /home/rsarwar/Downloads/glibc-2.23/build/elf/rtld-libc.a(rtld-__longjmp.os)
 .eh_frame      0x0000000000002670       0xe0 /home/rsarwar/Downloads/glibc-2.23/build/elf/rtld-libc.a(rtld-sigaction.os)
                                         0xe8 (size before relaxing)
 .eh_frame      0x0000000000002750       0x30 /home/rsarwar/Downloads/glibc-2.23/build/elf/rtld-libc.a(rtld-strchr.os)
 .eh_frame      0x0000000000002780       0x30 /home/rsarwar/Downloads/glibc-2.23/build/elf/rtld-libc.a(rtld-strcmp.os)
 .eh_frame      0x00000000000027b0       0x50 /home/rsarwar/Downloads/glibc-2.23/build/elf/rtld-libc.a(rtld-strdup.os)
 .eh_frame      0x0000000000002800       0x30 /home/rsarwar/Downloads/glibc-2.23/build/elf/rtld-libc.a(rtld-strlen.os)
 .eh_frame      0x0000000000002830       0x30 /home/rsarwar/Downloads/glibc-2.23/build/elf/rtld-libc.a(rtld-strnlen.os)
 .eh_frame      0x0000000000002860       0x30 /home/rsarwar/Downloads/glibc-2.23/build/elf/rtld-libc.a(rtld-memchr.os)
 .eh_frame      0x0000000000002890       0x30 /home/rsarwar/Downloads/glibc-2.23/build/elf/rtld-libc.a(rtld-memcmp.os)
 .eh_frame      0x00000000000028c0       0x68 /home/rsarwar/Downloads/glibc-2.23/build/elf/rtld-libc.a(rtld-memmove.os)
 .eh_frame      0x0000000000002928       0x30 /home/rsarwar/Downloads/glibc-2.23/build/elf/rtld-libc.a(rtld-memset.os)
 .eh_frame      0x0000000000002958       0x30 /home/rsarwar/Downloads/glibc-2.23/build/elf/rtld-libc.a(rtld-stpcpy.os)
 .eh_frame      0x0000000000002988       0x30 /home/rsarwar/Downloads/glibc-2.23/build/elf/rtld-libc.a(rtld-memcpy.os)
 .eh_frame      0x00000000000029b8       0x98 /home/rsarwar/Downloads/glibc-2.23/build/elf/rtld-libc.a(rtld-wordcopy.os)
 .eh_frame      0x0000000000002a50       0x30 /home/rsarwar/Downloads/glibc-2.23/build/elf/rtld-libc.a(rtld-rawmemchr.os)
 .eh_frame      0x0000000000002a80       0x2c /home/rsarwar/Downloads/glibc-2.23/build/elf/rtld-libc.a(rtld-setitimer.os)
                                         0x30 (size before relaxing)

.gcc_except_table
 *(.gcc_except_table .gcc_except_table.*)

.gnu_extab
 *(.gnu_extab*)

.exception_ranges
 *(.exception_ranges .exception_ranges*)

.eh_frame
 *(.eh_frame)

.gnu_extab
 *(.gnu_extab)

.gcc_except_table
 *(.gcc_except_table .gcc_except_table.*)

.exception_ranges
 *(.exception_ranges .exception_ranges*)

.tdata
 *(.tdata)

.tbss
 *(.tbss)

.jcr
 *(.jcr)

.dynamic
 *(.dynamic)

.got
 *(.got)
 *(.igot)

.got.plt
 *(.got.plt)
 *(.igot.plt)

.data           0x0000000000000000      0xf80
 *(.data)
 .data          0x0000000000000000      0xf80 /home/rsarwar/Downloads/glibc-2.23/build/elf/dl-allobjs.os
                0x0000000000000000                _rtld_global
                0x0000000000000000                _rtld_local
 .data          0x0000000000000f80        0x0 /home/rsarwar/Downloads/glibc-2.23/build/elf/rtld-libc.a(rtld-check_fds.os)
 .data          0x0000000000000f80        0x0 /home/rsarwar/Downloads/glibc-2.23/build/elf/rtld-libc.a(rtld-errno.os)
 .data          0x0000000000000f80        0x0 /home/rsarwar/Downloads/glibc-2.23/build/elf/rtld-libc.a(rtld-closedir.os)
 .data          0x0000000000000f80        0x0 /home/rsarwar/Downloads/glibc-2.23/build/elf/rtld-libc.a(rtld-readdir.os)
 .data          0x0000000000000f80        0x0 /home/rsarwar/Downloads/glibc-2.23/build/elf/rtld-libc.a(rtld-rewinddir.os)
 .data          0x0000000000000f80        0x0 /home/rsarwar/Downloads/glibc-2.23/build/elf/rtld-libc.a(rtld-getdents.os)
 .data          0x0000000000000f80        0x0 /home/rsarwar/Downloads/glibc-2.23/build/elf/rtld-libc.a(rtld-fdopendir.os)
 .data          0x0000000000000f80        0x0 /home/rsarwar/Downloads/glibc-2.23/build/elf/rtld-libc.a(rtld-profil.os)
 .data          0x0000000000000f80        0x0 /home/rsarwar/Downloads/glibc-2.23/build/elf/rtld-libc.a(rtld-prof-freq.os)
 .data          0x0000000000000f80        0x0 /home/rsarwar/Downloads/glibc-2.23/build/elf/rtld-libc.a(rtld-xstat.os)
 .data          0x0000000000000f80        0x0 /home/rsarwar/Downloads/glibc-2.23/build/elf/rtld-libc.a(rtld-fxstat.os)
 .data          0x0000000000000f80        0x0 /home/rsarwar/Downloads/glibc-2.23/build/elf/rtld-libc.a(rtld-lxstat.os)
 .data          0x0000000000000f80        0x0 /home/rsarwar/Downloads/glibc-2.23/build/elf/rtld-libc.a(rtld-open.os)
 .data          0x0000000000000f80        0x0 /home/rsarwar/Downloads/glibc-2.23/build/elf/rtld-libc.a(rtld-read.os)
 .data          0x0000000000000f80        0x0 /home/rsarwar/Downloads/glibc-2.23/build/elf/rtld-libc.a(rtld-write.os)
 .data          0x0000000000000f80        0x0 /home/rsarwar/Downloads/glibc-2.23/build/elf/rtld-libc.a(rtld-access.os)
 .data          0x0000000000000f80        0x0 /home/rsarwar/Downloads/glibc-2.23/build/elf/rtld-libc.a(rtld-fcntl.os)
 .data          0x0000000000000f80        0x0 /home/rsarwar/Downloads/glibc-2.23/build/elf/rtld-libc.a(rtld-close.os)
 .data          0x0000000000000f80        0x0 /home/rsarwar/Downloads/glibc-2.23/build/elf/rtld-libc.a(rtld-mmap.os)
 .data          0x0000000000000f80        0x0 /home/rsarwar/Downloads/glibc-2.23/build/elf/rtld-libc.a(rtld-munmap.os)
 .data          0x0000000000000f80        0x0 /home/rsarwar/Downloads/glibc-2.23/build/elf/rtld-libc.a(rtld-mprotect.os)
 .data          0x0000000000000f80        0x0 /home/rsarwar/Downloads/glibc-2.23/build/elf/rtld-libc.a(rtld-llseek.os)
 .data          0x0000000000000f80        0x0 /home/rsarwar/Downloads/glibc-2.23/build/elf/rtld-libc.a(rtld-uname.os)
 .data          0x0000000000000f80        0x0 /home/rsarwar/Downloads/glibc-2.23/build/elf/rtld-libc.a(rtld-_exit.os)
 .data          0x0000000000000f80        0x0 /home/rsarwar/Downloads/glibc-2.23/build/elf/rtld-libc.a(rtld-getpid.os)
 .data          0x0000000000000f80        0x0 /home/rsarwar/Downloads/glibc-2.23/build/elf/rtld-libc.a(rtld-environ.os)
 .data          0x0000000000000f80        0x0 /home/rsarwar/Downloads/glibc-2.23/build/elf/rtld-libc.a(rtld-setjmp.os)
 .data          0x0000000000000f80        0x0 /home/rsarwar/Downloads/glibc-2.23/build/elf/rtld-libc.a(rtld-__longjmp.os)
 .data          0x0000000000000f80        0x0 /home/rsarwar/Downloads/glibc-2.23/build/elf/rtld-libc.a(rtld-sigaction.os)
 .data          0x0000000000000f80        0x0 /home/rsarwar/Downloads/glibc-2.23/build/elf/rtld-libc.a(rtld-strchr.os)
 .data          0x0000000000000f80        0x0 /home/rsarwar/Downloads/glibc-2.23/build/elf/rtld-libc.a(rtld-strcmp.os)
 .data          0x0000000000000f80        0x0 /home/rsarwar/Downloads/glibc-2.23/build/elf/rtld-libc.a(rtld-strdup.os)
 .data          0x0000000000000f80        0x0 /home/rsarwar/Downloads/glibc-2.23/build/elf/rtld-libc.a(rtld-strlen.os)
 .data          0x0000000000000f80        0x0 /home/rsarwar/Downloads/glibc-2.23/build/elf/rtld-libc.a(rtld-strnlen.os)
 .data          0x0000000000000f80        0x0 /home/rsarwar/Downloads/glibc-2.23/build/elf/rtld-libc.a(rtld-memchr.os)
 .data          0x0000000000000f80        0x0 /home/rsarwar/Downloads/glibc-2.23/build/elf/rtld-libc.a(rtld-memcmp.os)
 .data          0x0000000000000f80        0x0 /home/rsarwar/Downloads/glibc-2.23/build/elf/rtld-libc.a(rtld-memmove.os)
 .data          0x0000000000000f80        0x0 /home/rsarwar/Downloads/glibc-2.23/build/elf/rtld-libc.a(rtld-memset.os)
 .data          0x0000000000000f80        0x0 /home/rsarwar/Downloads/glibc-2.23/build/elf/rtld-libc.a(rtld-stpcpy.os)
 .data          0x0000000000000f80        0x0 /home/rsarwar/Downloads/glibc-2.23/build/elf/rtld-libc.a(rtld-memcpy.os)
 .data          0x0000000000000f80        0x0 /home/rsarwar/Downloads/glibc-2.23/build/elf/rtld-libc.a(rtld-wordcopy.os)
 .data          0x0000000000000f80        0x0 /home/rsarwar/Downloads/glibc-2.23/build/elf/rtld-libc.a(rtld-rawmemchr.os)
 .data          0x0000000000000f80        0x0 /home/rsarwar/Downloads/glibc-2.23/build/elf/rtld-libc.a(rtld-setitimer.os)

.data.rel.ro    0x0000000000000000      0x2ac
 .data.rel.ro   0x0000000000000000      0x2ac /home/rsarwar/Downloads/glibc-2.23/build/elf/dl-allobjs.os
                0x00000000000000b0                __pointer_chk_guard_local
                0x00000000000000b8                _dl_skip_args
                0x00000000000000c0                __GI__dl_argv
                0x00000000000000c0                _dl_argv
                0x00000000000000c8                _dl_argc
                0x00000000000000e0                _rtld_global_ro
                0x00000000000000e0                _rtld_local_ro
                0x0000000000000290                __stack_prot
                0x0000000000000298                _dl_random
                0x00000000000002a0                __libc_stack_end
                0x00000000000002a0                __GI___libc_stack_end
                0x00000000000002a8                __GI___libc_enable_secure
                0x00000000000002a8                __libc_enable_secure

.data1
 *(.data1)

.bss            0x0000000000000000      0x148
 *(.bss)
 .bss           0x0000000000000000      0x120 /home/rsarwar/Downloads/glibc-2.23/build/elf/dl-allobjs.os
                0x00000000000000f8                __libc_multiple_libcs
                0x0000000000000118                __curbrk
 .bss           0x0000000000000120        0x0 /home/rsarwar/Downloads/glibc-2.23/build/elf/rtld-libc.a(rtld-check_fds.os)
 .bss           0x0000000000000120        0x0 /home/rsarwar/Downloads/glibc-2.23/build/elf/rtld-libc.a(rtld-errno.os)
 .bss           0x0000000000000120        0x0 /home/rsarwar/Downloads/glibc-2.23/build/elf/rtld-libc.a(rtld-closedir.os)
 .bss           0x0000000000000120        0x0 /home/rsarwar/Downloads/glibc-2.23/build/elf/rtld-libc.a(rtld-readdir.os)
 .bss           0x0000000000000120        0x0 /home/rsarwar/Downloads/glibc-2.23/build/elf/rtld-libc.a(rtld-rewinddir.os)
 .bss           0x0000000000000120        0x0 /home/rsarwar/Downloads/glibc-2.23/build/elf/rtld-libc.a(rtld-getdents.os)
 .bss           0x0000000000000120        0x0 /home/rsarwar/Downloads/glibc-2.23/build/elf/rtld-libc.a(rtld-fdopendir.os)
 .bss           0x0000000000000120       0x20 /home/rsarwar/Downloads/glibc-2.23/build/elf/rtld-libc.a(rtld-profil.os)
 .bss           0x0000000000000140        0x0 /home/rsarwar/Downloads/glibc-2.23/build/elf/rtld-libc.a(rtld-prof-freq.os)
 .bss           0x0000000000000140        0x0 /home/rsarwar/Downloads/glibc-2.23/build/elf/rtld-libc.a(rtld-xstat.os)
 .bss           0x0000000000000140        0x0 /home/rsarwar/Downloads/glibc-2.23/build/elf/rtld-libc.a(rtld-fxstat.os)
 .bss           0x0000000000000140        0x0 /home/rsarwar/Downloads/glibc-2.23/build/elf/rtld-libc.a(rtld-lxstat.os)
 .bss           0x0000000000000140        0x0 /home/rsarwar/Downloads/glibc-2.23/build/elf/rtld-libc.a(rtld-open.os)
 .bss           0x0000000000000140        0x0 /home/rsarwar/Downloads/glibc-2.23/build/elf/rtld-libc.a(rtld-read.os)
 .bss           0x0000000000000140        0x0 /home/rsarwar/Downloads/glibc-2.23/build/elf/rtld-libc.a(rtld-write.os)
 .bss           0x0000000000000140        0x0 /home/rsarwar/Downloads/glibc-2.23/build/elf/rtld-libc.a(rtld-access.os)
 .bss           0x0000000000000140        0x0 /home/rsarwar/Downloads/glibc-2.23/build/elf/rtld-libc.a(rtld-fcntl.os)
 .bss           0x0000000000000140        0x0 /home/rsarwar/Downloads/glibc-2.23/build/elf/rtld-libc.a(rtld-close.os)
 .bss           0x0000000000000140        0x0 /home/rsarwar/Downloads/glibc-2.23/build/elf/rtld-libc.a(rtld-mmap.os)
 .bss           0x0000000000000140        0x0 /home/rsarwar/Downloads/glibc-2.23/build/elf/rtld-libc.a(rtld-munmap.os)
 .bss           0x0000000000000140        0x0 /home/rsarwar/Downloads/glibc-2.23/build/elf/rtld-libc.a(rtld-mprotect.os)
 .bss           0x0000000000000140        0x0 /home/rsarwar/Downloads/glibc-2.23/build/elf/rtld-libc.a(rtld-llseek.os)
 .bss           0x0000000000000140        0x0 /home/rsarwar/Downloads/glibc-2.23/build/elf/rtld-libc.a(rtld-uname.os)
 .bss           0x0000000000000140        0x0 /home/rsarwar/Downloads/glibc-2.23/build/elf/rtld-libc.a(rtld-_exit.os)
 .bss           0x0000000000000140        0x0 /home/rsarwar/Downloads/glibc-2.23/build/elf/rtld-libc.a(rtld-getpid.os)
 .bss           0x0000000000000140        0x8 /home/rsarwar/Downloads/glibc-2.23/build/elf/rtld-libc.a(rtld-environ.os)
                0x0000000000000140                _environ
                0x0000000000000140                __environ
                0x0000000000000140                environ
 .bss           0x0000000000000148        0x0 /home/rsarwar/Downloads/glibc-2.23/build/elf/rtld-libc.a(rtld-setjmp.os)
 .bss           0x0000000000000148        0x0 /home/rsarwar/Downloads/glibc-2.23/build/elf/rtld-libc.a(rtld-__longjmp.os)
 .bss           0x0000000000000148        0x0 /home/rsarwar/Downloads/glibc-2.23/build/elf/rtld-libc.a(rtld-sigaction.os)
 .bss           0x0000000000000148        0x0 /home/rsarwar/Downloads/glibc-2.23/build/elf/rtld-libc.a(rtld-strchr.os)
 .bss           0x0000000000000148        0x0 /home/rsarwar/Downloads/glibc-2.23/build/elf/rtld-libc.a(rtld-strcmp.os)
 .bss           0x0000000000000148        0x0 /home/rsarwar/Downloads/glibc-2.23/build/elf/rtld-libc.a(rtld-strdup.os)
 .bss           0x0000000000000148        0x0 /home/rsarwar/Downloads/glibc-2.23/build/elf/rtld-libc.a(rtld-strlen.os)
 .bss           0x0000000000000148        0x0 /home/rsarwar/Downloads/glibc-2.23/build/elf/rtld-libc.a(rtld-strnlen.os)
 .bss           0x0000000000000148        0x0 /home/rsarwar/Downloads/glibc-2.23/build/elf/rtld-libc.a(rtld-memchr.os)
 .bss           0x0000000000000148        0x0 /home/rsarwar/Downloads/glibc-2.23/build/elf/rtld-libc.a(rtld-memcmp.os)
 .bss           0x0000000000000148        0x0 /home/rsarwar/Downloads/glibc-2.23/build/elf/rtld-libc.a(rtld-memmove.os)
 .bss           0x0000000000000148        0x0 /home/rsarwar/Downloads/glibc-2.23/build/elf/rtld-libc.a(rtld-memset.os)
 .bss           0x0000000000000148        0x0 /home/rsarwar/Downloads/glibc-2.23/build/elf/rtld-libc.a(rtld-stpcpy.os)
 .bss           0x0000000000000148        0x0 /home/rsarwar/Downloads/glibc-2.23/build/elf/rtld-libc.a(rtld-memcpy.os)
 .bss           0x0000000000000148        0x0 /home/rsarwar/Downloads/glibc-2.23/build/elf/rtld-libc.a(rtld-wordcopy.os)
 .bss           0x0000000000000148        0x0 /home/rsarwar/Downloads/glibc-2.23/build/elf/rtld-libc.a(rtld-rawmemchr.os)
 .bss           0x0000000000000148        0x0 /home/rsarwar/Downloads/glibc-2.23/build/elf/rtld-libc.a(rtld-setitimer.os)
 *(COMMON)
 COMMON         0x0000000000000148        0x0 /home/rsarwar/Downloads/glibc-2.23/build/elf/dl-allobjs.os
 COMMON         0x0000000000000148        0x0 /home/rsarwar/Downloads/glibc-2.23/build/elf/rtld-libc.a(rtld-errno.os)

.lbss
 *(.dynlbss)
 *(.lbss)
 *(LARGE_COMMON)

.lrodata
 *(.lrodata)

.ldata
 *(.ldata)

.stab
 *(.stab)

.stabstr
 *(.stabstr)

.stab.excl
 *(.stab.excl)

.stab.exclstr
 *(.stab.exclstr)

.stab.index
 *(.stab.index)

.stab.indexstr
 *(.stab.indexstr)

.comment        0x0000000000000000      0x968
 *(.comment)
 .comment       0x0000000000000000      0x5e1 /home/rsarwar/Downloads/glibc-2.23/build/elf/dl-allobjs.os
 .comment       0x00000000000005e1       0x2b /home/rsarwar/Downloads/glibc-2.23/build/elf/rtld-libc.a(rtld-check_fds.os)
 .comment       0x000000000000060c       0x2b /home/rsarwar/Downloads/glibc-2.23/build/elf/rtld-libc.a(rtld-errno.os)
 .comment       0x0000000000000637       0x2b /home/rsarwar/Downloads/glibc-2.23/build/elf/rtld-libc.a(rtld-closedir.os)
 .comment       0x0000000000000662       0x2b /home/rsarwar/Downloads/glibc-2.23/build/elf/rtld-libc.a(rtld-readdir.os)
 .comment       0x000000000000068d       0x2b /home/rsarwar/Downloads/glibc-2.23/build/elf/rtld-libc.a(rtld-rewinddir.os)
 .comment       0x00000000000006b8       0x2b /home/rsarwar/Downloads/glibc-2.23/build/elf/rtld-libc.a(rtld-getdents.os)
 .comment       0x00000000000006e3       0x2b /home/rsarwar/Downloads/glibc-2.23/build/elf/rtld-libc.a(rtld-fdopendir.os)
 .comment       0x000000000000070e       0x2b /home/rsarwar/Downloads/glibc-2.23/build/elf/rtld-libc.a(rtld-profil.os)
 .comment       0x0000000000000739       0x2b /home/rsarwar/Downloads/glibc-2.23/build/elf/rtld-libc.a(rtld-prof-freq.os)
 .comment       0x0000000000000764       0x2b /home/rsarwar/Downloads/glibc-2.23/build/elf/rtld-libc.a(rtld-xstat.os)
 .comment       0x000000000000078f       0x2b /home/rsarwar/Downloads/glibc-2.23/build/elf/rtld-libc.a(rtld-fxstat.os)
 .comment       0x00000000000007ba       0x2b /home/rsarwar/Downloads/glibc-2.23/build/elf/rtld-libc.a(rtld-lxstat.os)
 .comment       0x00000000000007e5       0x2b /home/rsarwar/Downloads/glibc-2.23/build/elf/rtld-libc.a(rtld-fcntl.os)
 .comment       0x0000000000000810       0x2b /home/rsarwar/Downloads/glibc-2.23/build/elf/rtld-libc.a(rtld-mmap.os)
 .comment       0x000000000000083b       0x2b /home/rsarwar/Downloads/glibc-2.23/build/elf/rtld-libc.a(rtld-_exit.os)
 .comment       0x0000000000000866       0x2b /home/rsarwar/Downloads/glibc-2.23/build/elf/rtld-libc.a(rtld-getpid.os)
 .comment       0x0000000000000891       0x2b /home/rsarwar/Downloads/glibc-2.23/build/elf/rtld-libc.a(rtld-environ.os)
 .comment       0x00000000000008bc       0x2b /home/rsarwar/Downloads/glibc-2.23/build/elf/rtld-libc.a(rtld-sigaction.os)
 .comment       0x00000000000008e7       0x2b /home/rsarwar/Downloads/glibc-2.23/build/elf/rtld-libc.a(rtld-strdup.os)
 .comment       0x0000000000000912       0x2b /home/rsarwar/Downloads/glibc-2.23/build/elf/rtld-libc.a(rtld-memmove.os)
 .comment       0x000000000000093d       0x2b /home/rsarwar/Downloads/glibc-2.23/build/elf/rtld-libc.a(rtld-wordcopy.os)

.note.GNU-stack
                0x0000000000000000        0x0
 .note.GNU-stack
                0x0000000000000000        0x0 /home/rsarwar/Downloads/glibc-2.23/build/elf/dl-allobjs.os
 .note.GNU-stack
                0x0000000000000000        0x0 /home/rsarwar/Downloads/glibc-2.23/build/elf/rtld-libc.a(rtld-check_fds.os)
 .note.GNU-stack
                0x0000000000000000        0x0 /home/rsarwar/Downloads/glibc-2.23/build/elf/rtld-libc.a(rtld-errno.os)
 .note.GNU-stack
                0x0000000000000000        0x0 /home/rsarwar/Downloads/glibc-2.23/build/elf/rtld-libc.a(rtld-closedir.os)
 .note.GNU-stack
                0x0000000000000000        0x0 /home/rsarwar/Downloads/glibc-2.23/build/elf/rtld-libc.a(rtld-readdir.os)
 .note.GNU-stack
                0x0000000000000000        0x0 /home/rsarwar/Downloads/glibc-2.23/build/elf/rtld-libc.a(rtld-rewinddir.os)
 .note.GNU-stack
                0x0000000000000000        0x0 /home/rsarwar/Downloads/glibc-2.23/build/elf/rtld-libc.a(rtld-getdents.os)
 .note.GNU-stack
                0x0000000000000000        0x0 /home/rsarwar/Downloads/glibc-2.23/build/elf/rtld-libc.a(rtld-fdopendir.os)
 .note.GNU-stack
                0x0000000000000000        0x0 /home/rsarwar/Downloads/glibc-2.23/build/elf/rtld-libc.a(rtld-profil.os)
 .note.GNU-stack
                0x0000000000000000        0x0 /home/rsarwar/Downloads/glibc-2.23/build/elf/rtld-libc.a(rtld-prof-freq.os)
 .note.GNU-stack
                0x0000000000000000        0x0 /home/rsarwar/Downloads/glibc-2.23/build/elf/rtld-libc.a(rtld-xstat.os)
 .note.GNU-stack
                0x0000000000000000        0x0 /home/rsarwar/Downloads/glibc-2.23/build/elf/rtld-libc.a(rtld-fxstat.os)
 .note.GNU-stack
                0x0000000000000000        0x0 /home/rsarwar/Downloads/glibc-2.23/build/elf/rtld-libc.a(rtld-lxstat.os)
 .note.GNU-stack
                0x0000000000000000        0x0 /home/rsarwar/Downloads/glibc-2.23/build/elf/rtld-libc.a(rtld-open.os)
 .note.GNU-stack
                0x0000000000000000        0x0 /home/rsarwar/Downloads/glibc-2.23/build/elf/rtld-libc.a(rtld-read.os)
 .note.GNU-stack
                0x0000000000000000        0x0 /home/rsarwar/Downloads/glibc-2.23/build/elf/rtld-libc.a(rtld-write.os)
 .note.GNU-stack
                0x0000000000000000        0x0 /home/rsarwar/Downloads/glibc-2.23/build/elf/rtld-libc.a(rtld-access.os)
 .note.GNU-stack
                0x0000000000000000        0x0 /home/rsarwar/Downloads/glibc-2.23/build/elf/rtld-libc.a(rtld-fcntl.os)
 .note.GNU-stack
                0x0000000000000000        0x0 /home/rsarwar/Downloads/glibc-2.23/build/elf/rtld-libc.a(rtld-close.os)
 .note.GNU-stack
                0x0000000000000000        0x0 /home/rsarwar/Downloads/glibc-2.23/build/elf/rtld-libc.a(rtld-mmap.os)
 .note.GNU-stack
                0x0000000000000000        0x0 /home/rsarwar/Downloads/glibc-2.23/build/elf/rtld-libc.a(rtld-munmap.os)
 .note.GNU-stack
                0x0000000000000000        0x0 /home/rsarwar/Downloads/glibc-2.23/build/elf/rtld-libc.a(rtld-mprotect.os)
 .note.GNU-stack
                0x0000000000000000        0x0 /home/rsarwar/Downloads/glibc-2.23/build/elf/rtld-libc.a(rtld-llseek.os)
 .note.GNU-stack
                0x0000000000000000        0x0 /home/rsarwar/Downloads/glibc-2.23/build/elf/rtld-libc.a(rtld-uname.os)
 .note.GNU-stack
                0x0000000000000000        0x0 /home/rsarwar/Downloads/glibc-2.23/build/elf/rtld-libc.a(rtld-_exit.os)
 .note.GNU-stack
                0x0000000000000000        0x0 /home/rsarwar/Downloads/glibc-2.23/build/elf/rtld-libc.a(rtld-getpid.os)
 .note.GNU-stack
                0x0000000000000000        0x0 /home/rsarwar/Downloads/glibc-2.23/build/elf/rtld-libc.a(rtld-environ.os)
 .note.GNU-stack
                0x0000000000000000        0x0 /home/rsarwar/Downloads/glibc-2.23/build/elf/rtld-libc.a(rtld-setjmp.os)
 .note.GNU-stack
                0x0000000000000000        0x0 /home/rsarwar/Downloads/glibc-2.23/build/elf/rtld-libc.a(rtld-__longjmp.os)
 .note.GNU-stack
                0x0000000000000000        0x0 /home/rsarwar/Downloads/glibc-2.23/build/elf/rtld-libc.a(rtld-sigaction.os)
 .note.GNU-stack
                0x0000000000000000        0x0 /home/rsarwar/Downloads/glibc-2.23/build/elf/rtld-libc.a(rtld-strchr.os)
 .note.GNU-stack
                0x0000000000000000        0x0 /home/rsarwar/Downloads/glibc-2.23/build/elf/rtld-libc.a(rtld-strcmp.os)
 .note.GNU-stack
                0x0000000000000000        0x0 /home/rsarwar/Downloads/glibc-2.23/build/elf/rtld-libc.a(rtld-strdup.os)
 .note.GNU-stack
                0x0000000000000000        0x0 /home/rsarwar/Downloads/glibc-2.23/build/elf/rtld-libc.a(rtld-strlen.os)
 .note.GNU-stack
                0x0000000000000000        0x0 /home/rsarwar/Downloads/glibc-2.23/build/elf/rtld-libc.a(rtld-strnlen.os)
 .note.GNU-stack
                0x0000000000000000        0x0 /home/rsarwar/Downloads/glibc-2.23/build/elf/rtld-libc.a(rtld-memchr.os)
 .note.GNU-stack
                0x0000000000000000        0x0 /home/rsarwar/Downloads/glibc-2.23/build/elf/rtld-libc.a(rtld-memcmp.os)
 .note.GNU-stack
                0x0000000000000000        0x0 /home/rsarwar/Downloads/glibc-2.23/build/elf/rtld-libc.a(rtld-memmove.os)
 .note.GNU-stack
                0x0000000000000000        0x0 /home/rsarwar/Downloads/glibc-2.23/build/elf/rtld-libc.a(rtld-memset.os)
 .note.GNU-stack
                0x0000000000000000        0x0 /home/rsarwar/Downloads/glibc-2.23/build/elf/rtld-libc.a(rtld-stpcpy.os)
 .note.GNU-stack
                0x0000000000000000        0x0 /home/rsarwar/Downloads/glibc-2.23/build/elf/rtld-libc.a(rtld-memcpy.os)
 .note.GNU-stack
                0x0000000000000000        0x0 /home/rsarwar/Downloads/glibc-2.23/build/elf/rtld-libc.a(rtld-wordcopy.os)
 .note.GNU-stack
                0x0000000000000000        0x0 /home/rsarwar/Downloads/glibc-2.23/build/elf/rtld-libc.a(rtld-rawmemchr.os)
 .note.GNU-stack
                0x0000000000000000        0x0 /home/rsarwar/Downloads/glibc-2.23/build/elf/rtld-libc.a(rtld-setitimer.os)

.debug
 *(.debug)

.line
 *(.line)

.debug_srcinfo
 *(.debug_srcinfo)

.debug_sfnames
 *(.debug_sfnames)

.debug_aranges  0x0000000000000000      0xf10
 *(.debug_aranges)
 .debug_aranges
                0x0000000000000000      0x720 /home/rsarwar/Downloads/glibc-2.23/build/elf/dl-allobjs.os
 .debug_aranges
                0x0000000000000720       0x30 /home/rsarwar/Downloads/glibc-2.23/build/elf/rtld-libc.a(rtld-check_fds.os)
 .debug_aranges
                0x0000000000000750       0x20 /home/rsarwar/Downloads/glibc-2.23/build/elf/rtld-libc.a(rtld-errno.os)
 .debug_aranges
                0x0000000000000770       0x30 /home/rsarwar/Downloads/glibc-2.23/build/elf/rtld-libc.a(rtld-closedir.os)
 .debug_aranges
                0x00000000000007a0       0x30 /home/rsarwar/Downloads/glibc-2.23/build/elf/rtld-libc.a(rtld-readdir.os)
 .debug_aranges
                0x00000000000007d0       0x30 /home/rsarwar/Downloads/glibc-2.23/build/elf/rtld-libc.a(rtld-rewinddir.os)
 .debug_aranges
                0x0000000000000800       0x30 /home/rsarwar/Downloads/glibc-2.23/build/elf/rtld-libc.a(rtld-getdents.os)
 .debug_aranges
                0x0000000000000830       0x30 /home/rsarwar/Downloads/glibc-2.23/build/elf/rtld-libc.a(rtld-fdopendir.os)
 .debug_aranges
                0x0000000000000860       0x30 /home/rsarwar/Downloads/glibc-2.23/build/elf/rtld-libc.a(rtld-profil.os)
 .debug_aranges
                0x0000000000000890       0x30 /home/rsarwar/Downloads/glibc-2.23/build/elf/rtld-libc.a(rtld-prof-freq.os)
 .debug_aranges
                0x00000000000008c0       0x30 /home/rsarwar/Downloads/glibc-2.23/build/elf/rtld-libc.a(rtld-xstat.os)
 .debug_aranges
                0x00000000000008f0       0x30 /home/rsarwar/Downloads/glibc-2.23/build/elf/rtld-libc.a(rtld-fxstat.os)
 .debug_aranges
                0x0000000000000920       0x30 /home/rsarwar/Downloads/glibc-2.23/build/elf/rtld-libc.a(rtld-lxstat.os)
 .debug_aranges
                0x0000000000000950       0x30 /home/rsarwar/Downloads/glibc-2.23/build/elf/rtld-libc.a(rtld-open.os)
 .debug_aranges
                0x0000000000000980       0x30 /home/rsarwar/Downloads/glibc-2.23/build/elf/rtld-libc.a(rtld-read.os)
 .debug_aranges
                0x00000000000009b0       0x30 /home/rsarwar/Downloads/glibc-2.23/build/elf/rtld-libc.a(rtld-write.os)
 .debug_aranges
                0x00000000000009e0       0x30 /home/rsarwar/Downloads/glibc-2.23/build/elf/rtld-libc.a(rtld-access.os)
 .debug_aranges
                0x0000000000000a10       0x30 /home/rsarwar/Downloads/glibc-2.23/build/elf/rtld-libc.a(rtld-fcntl.os)
 .debug_aranges
                0x0000000000000a40       0x30 /home/rsarwar/Downloads/glibc-2.23/build/elf/rtld-libc.a(rtld-close.os)
 .debug_aranges
                0x0000000000000a70       0x30 /home/rsarwar/Downloads/glibc-2.23/build/elf/rtld-libc.a(rtld-mmap.os)
 .debug_aranges
                0x0000000000000aa0       0x30 /home/rsarwar/Downloads/glibc-2.23/build/elf/rtld-libc.a(rtld-munmap.os)
 .debug_aranges
                0x0000000000000ad0       0x30 /home/rsarwar/Downloads/glibc-2.23/build/elf/rtld-libc.a(rtld-mprotect.os)
 .debug_aranges
                0x0000000000000b00       0x30 /home/rsarwar/Downloads/glibc-2.23/build/elf/rtld-libc.a(rtld-llseek.os)
 .debug_aranges
                0x0000000000000b30       0x30 /home/rsarwar/Downloads/glibc-2.23/build/elf/rtld-libc.a(rtld-uname.os)
 .debug_aranges
                0x0000000000000b60       0x30 /home/rsarwar/Downloads/glibc-2.23/build/elf/rtld-libc.a(rtld-_exit.os)
 .debug_aranges
                0x0000000000000b90       0x30 /home/rsarwar/Downloads/glibc-2.23/build/elf/rtld-libc.a(rtld-getpid.os)
 .debug_aranges
                0x0000000000000bc0       0x20 /home/rsarwar/Downloads/glibc-2.23/build/elf/rtld-libc.a(rtld-environ.os)
 .debug_aranges
                0x0000000000000be0       0x30 /home/rsarwar/Downloads/glibc-2.23/build/elf/rtld-libc.a(rtld-setjmp.os)
 .debug_aranges
                0x0000000000000c10       0x30 /home/rsarwar/Downloads/glibc-2.23/build/elf/rtld-libc.a(rtld-__longjmp.os)
 .debug_aranges
                0x0000000000000c40       0x30 /home/rsarwar/Downloads/glibc-2.23/build/elf/rtld-libc.a(rtld-sigaction.os)
 .debug_aranges
                0x0000000000000c70       0x30 /home/rsarwar/Downloads/glibc-2.23/build/elf/rtld-libc.a(rtld-strchr.os)
 .debug_aranges
                0x0000000000000ca0       0x30 /home/rsarwar/Downloads/glibc-2.23/build/elf/rtld-libc.a(rtld-strcmp.os)
 .debug_aranges
                0x0000000000000cd0       0x30 /home/rsarwar/Downloads/glibc-2.23/build/elf/rtld-libc.a(rtld-strdup.os)
 .debug_aranges
                0x0000000000000d00       0x30 /home/rsarwar/Downloads/glibc-2.23/build/elf/rtld-libc.a(rtld-strlen.os)
 .debug_aranges
                0x0000000000000d30       0x30 /home/rsarwar/Downloads/glibc-2.23/build/elf/rtld-libc.a(rtld-strnlen.os)
 .debug_aranges
                0x0000000000000d60       0x30 /home/rsarwar/Downloads/glibc-2.23/build/elf/rtld-libc.a(rtld-memchr.os)
 .debug_aranges
                0x0000000000000d90       0x30 /home/rsarwar/Downloads/glibc-2.23/build/elf/rtld-libc.a(rtld-memcmp.os)
 .debug_aranges
                0x0000000000000dc0       0x30 /home/rsarwar/Downloads/glibc-2.23/build/elf/rtld-libc.a(rtld-memmove.os)
 .debug_aranges
                0x0000000000000df0       0x30 /home/rsarwar/Downloads/glibc-2.23/build/elf/rtld-libc.a(rtld-memset.os)
 .debug_aranges
                0x0000000000000e20       0x30 /home/rsarwar/Downloads/glibc-2.23/build/elf/rtld-libc.a(rtld-stpcpy.os)
 .debug_aranges
                0x0000000000000e50       0x30 /home/rsarwar/Downloads/glibc-2.23/build/elf/rtld-libc.a(rtld-memcpy.os)
 .debug_aranges
                0x0000000000000e80       0x30 /home/rsarwar/Downloads/glibc-2.23/build/elf/rtld-libc.a(rtld-wordcopy.os)
 .debug_aranges
                0x0000000000000eb0       0x30 /home/rsarwar/Downloads/glibc-2.23/build/elf/rtld-libc.a(rtld-rawmemchr.os)
 .debug_aranges
                0x0000000000000ee0       0x30 /home/rsarwar/Downloads/glibc-2.23/build/elf/rtld-libc.a(rtld-setitimer.os)

.debug_pubnames
 *(.debug_pubnames)

.debug_info     0x0000000000000000    0xa5839
 *(.debug_info)
 .debug_info    0x0000000000000000    0x8acd2 /home/rsarwar/Downloads/glibc-2.23/build/elf/dl-allobjs.os
 .debug_info    0x000000000008acd2      0xb31 /home/rsarwar/Downloads/glibc-2.23/build/elf/rtld-libc.a(rtld-check_fds.os)
 .debug_info    0x000000000008b803      0x6a9 /home/rsarwar/Downloads/glibc-2.23/build/elf/rtld-libc.a(rtld-errno.os)
 .debug_info    0x000000000008beac     0x1eaf /home/rsarwar/Downloads/glibc-2.23/build/elf/rtld-libc.a(rtld-closedir.os)
 .debug_info    0x000000000008dd5b     0x1f10 /home/rsarwar/Downloads/glibc-2.23/build/elf/rtld-libc.a(rtld-readdir.os)
 .debug_info    0x000000000008fc6b     0x1e28 /home/rsarwar/Downloads/glibc-2.23/build/elf/rtld-libc.a(rtld-rewinddir.os)
 .debug_info    0x0000000000091a93     0x222e /home/rsarwar/Downloads/glibc-2.23/build/elf/rtld-libc.a(rtld-getdents.os)
 .debug_info    0x0000000000093cc1     0x200a /home/rsarwar/Downloads/glibc-2.23/build/elf/rtld-libc.a(rtld-fdopendir.os)
 .debug_info    0x0000000000095ccb      0xaf7 /home/rsarwar/Downloads/glibc-2.23/build/elf/rtld-libc.a(rtld-profil.os)
 .debug_info    0x00000000000967c2     0x3895 /home/rsarwar/Downloads/glibc-2.23/build/elf/rtld-libc.a(rtld-prof-freq.os)
 .debug_info    0x000000000009a057      0x8dc /home/rsarwar/Downloads/glibc-2.23/build/elf/rtld-libc.a(rtld-xstat.os)
 .debug_info    0x000000000009a933      0x8db /home/rsarwar/Downloads/glibc-2.23/build/elf/rtld-libc.a(rtld-fxstat.os)
 .debug_info    0x000000000009b20e      0x8dc /home/rsarwar/Downloads/glibc-2.23/build/elf/rtld-libc.a(rtld-lxstat.os)
 .debug_info    0x000000000009baea       0x2e /home/rsarwar/Downloads/glibc-2.23/build/elf/rtld-libc.a(rtld-open.os)
 .debug_info    0x000000000009bb18       0x2e /home/rsarwar/Downloads/glibc-2.23/build/elf/rtld-libc.a(rtld-read.os)
 .debug_info    0x000000000009bb46       0x2e /home/rsarwar/Downloads/glibc-2.23/build/elf/rtld-libc.a(rtld-write.os)
 .debug_info    0x000000000009bb74       0x2e /home/rsarwar/Downloads/glibc-2.23/build/elf/rtld-libc.a(rtld-access.os)
 .debug_info    0x000000000009bba2     0x21b8 /home/rsarwar/Downloads/glibc-2.23/build/elf/rtld-libc.a(rtld-fcntl.os)
 .debug_info    0x000000000009dd5a       0x2e /home/rsarwar/Downloads/glibc-2.23/build/elf/rtld-libc.a(rtld-close.os)
 .debug_info    0x000000000009dd88     0x3b03 /home/rsarwar/Downloads/glibc-2.23/build/elf/rtld-libc.a(rtld-mmap.os)
 .debug_info    0x00000000000a188b       0x2e /home/rsarwar/Downloads/glibc-2.23/build/elf/rtld-libc.a(rtld-munmap.os)
 .debug_info    0x00000000000a18b9       0x2e /home/rsarwar/Downloads/glibc-2.23/build/elf/rtld-libc.a(rtld-mprotect.os)
 .debug_info    0x00000000000a18e7       0x2e /home/rsarwar/Downloads/glibc-2.23/build/elf/rtld-libc.a(rtld-llseek.os)
 .debug_info    0x00000000000a1915       0x2e /home/rsarwar/Downloads/glibc-2.23/build/elf/rtld-libc.a(rtld-uname.os)
 .debug_info    0x00000000000a1943      0x7f1 /home/rsarwar/Downloads/glibc-2.23/build/elf/rtld-libc.a(rtld-_exit.os)
 .debug_info    0x00000000000a2134      0x762 /home/rsarwar/Downloads/glibc-2.23/build/elf/rtld-libc.a(rtld-getpid.os)
 .debug_info    0x00000000000a2896      0x10e /home/rsarwar/Downloads/glibc-2.23/build/elf/rtld-libc.a(rtld-environ.os)
 .debug_info    0x00000000000a29a4       0x2e /home/rsarwar/Downloads/glibc-2.23/build/elf/rtld-libc.a(rtld-setjmp.os)
 .debug_info    0x00000000000a29d2       0x2e /home/rsarwar/Downloads/glibc-2.23/build/elf/rtld-libc.a(rtld-__longjmp.os)
 .debug_info    0x00000000000a2a00     0x237f /home/rsarwar/Downloads/glibc-2.23/build/elf/rtld-libc.a(rtld-sigaction.os)
 .debug_info    0x00000000000a4d7f       0x2e /home/rsarwar/Downloads/glibc-2.23/build/elf/rtld-libc.a(rtld-strchr.os)
 .debug_info    0x00000000000a4dad       0x2e /home/rsarwar/Downloads/glibc-2.23/build/elf/rtld-libc.a(rtld-strcmp.os)
 .debug_info    0x00000000000a4ddb      0x20a /home/rsarwar/Downloads/glibc-2.23/build/elf/rtld-libc.a(rtld-strdup.os)
 .debug_info    0x00000000000a4fe5       0x2e /home/rsarwar/Downloads/glibc-2.23/build/elf/rtld-libc.a(rtld-strlen.os)
 .debug_info    0x00000000000a5013       0x2e /home/rsarwar/Downloads/glibc-2.23/build/elf/rtld-libc.a(rtld-strnlen.os)
 .debug_info    0x00000000000a5041       0x2e /home/rsarwar/Downloads/glibc-2.23/build/elf/rtld-libc.a(rtld-memchr.os)
 .debug_info    0x00000000000a506f       0x2e /home/rsarwar/Downloads/glibc-2.23/build/elf/rtld-libc.a(rtld-memcmp.os)
 .debug_info    0x00000000000a509d      0x270 /home/rsarwar/Downloads/glibc-2.23/build/elf/rtld-libc.a(rtld-memmove.os)
 .debug_info    0x00000000000a530d       0x2e /home/rsarwar/Downloads/glibc-2.23/build/elf/rtld-libc.a(rtld-memset.os)
 .debug_info    0x00000000000a533b       0x2e /home/rsarwar/Downloads/glibc-2.23/build/elf/rtld-libc.a(rtld-stpcpy.os)
 .debug_info    0x00000000000a5369       0x2e /home/rsarwar/Downloads/glibc-2.23/build/elf/rtld-libc.a(rtld-memcpy.os)
 .debug_info    0x00000000000a5397      0x446 /home/rsarwar/Downloads/glibc-2.23/build/elf/rtld-libc.a(rtld-wordcopy.os)
 .debug_info    0x00000000000a57dd       0x2e /home/rsarwar/Downloads/glibc-2.23/build/elf/rtld-libc.a(rtld-rawmemchr.os)
 .debug_info    0x00000000000a580b       0x2e /home/rsarwar/Downloads/glibc-2.23/build/elf/rtld-libc.a(rtld-setitimer.os)

.debug_abbrev   0x0000000000000000     0xe258
 *(.debug_abbrev)
 .debug_abbrev  0x0000000000000000     0xae97 /home/rsarwar/Downloads/glibc-2.23/build/elf/dl-allobjs.os
 .debug_abbrev  0x000000000000ae97      0x258 /home/rsarwar/Downloads/glibc-2.23/build/elf/rtld-libc.a(rtld-check_fds.os)
 .debug_abbrev  0x000000000000b0ef      0x127 /home/rsarwar/Downloads/glibc-2.23/build/elf/rtld-libc.a(rtld-errno.os)
 .debug_abbrev  0x000000000000b216      0x370 /home/rsarwar/Downloads/glibc-2.23/build/elf/rtld-libc.a(rtld-closedir.os)
 .debug_abbrev  0x000000000000b586      0x356 /home/rsarwar/Downloads/glibc-2.23/build/elf/rtld-libc.a(rtld-readdir.os)
 .debug_abbrev  0x000000000000b8dc      0x32f /home/rsarwar/Downloads/glibc-2.23/build/elf/rtld-libc.a(rtld-rewinddir.os)
 .debug_abbrev  0x000000000000bc0b      0x3cc /home/rsarwar/Downloads/glibc-2.23/build/elf/rtld-libc.a(rtld-getdents.os)
 .debug_abbrev  0x000000000000bfd7      0x36f /home/rsarwar/Downloads/glibc-2.23/build/elf/rtld-libc.a(rtld-fdopendir.os)
 .debug_abbrev  0x000000000000c346      0x2bb /home/rsarwar/Downloads/glibc-2.23/build/elf/rtld-libc.a(rtld-profil.os)
 .debug_abbrev  0x000000000000c601      0x39a /home/rsarwar/Downloads/glibc-2.23/build/elf/rtld-libc.a(rtld-prof-freq.os)
 .debug_abbrev  0x000000000000c99b      0x188 /home/rsarwar/Downloads/glibc-2.23/build/elf/rtld-libc.a(rtld-xstat.os)
 .debug_abbrev  0x000000000000cb23      0x197 /home/rsarwar/Downloads/glibc-2.23/build/elf/rtld-libc.a(rtld-fxstat.os)
 .debug_abbrev  0x000000000000ccba      0x188 /home/rsarwar/Downloads/glibc-2.23/build/elf/rtld-libc.a(rtld-lxstat.os)
 .debug_abbrev  0x000000000000ce42       0x14 /home/rsarwar/Downloads/glibc-2.23/build/elf/rtld-libc.a(rtld-open.os)
 .debug_abbrev  0x000000000000ce56       0x14 /home/rsarwar/Downloads/glibc-2.23/build/elf/rtld-libc.a(rtld-read.os)
 .debug_abbrev  0x000000000000ce6a       0x14 /home/rsarwar/Downloads/glibc-2.23/build/elf/rtld-libc.a(rtld-write.os)
 .debug_abbrev  0x000000000000ce7e       0x14 /home/rsarwar/Downloads/glibc-2.23/build/elf/rtld-libc.a(rtld-access.os)
 .debug_abbrev  0x000000000000ce92      0x3d5 /home/rsarwar/Downloads/glibc-2.23/build/elf/rtld-libc.a(rtld-fcntl.os)
 .debug_abbrev  0x000000000000d267       0x14 /home/rsarwar/Downloads/glibc-2.23/build/elf/rtld-libc.a(rtld-close.os)
 .debug_abbrev  0x000000000000d27b      0x40d /home/rsarwar/Downloads/glibc-2.23/build/elf/rtld-libc.a(rtld-mmap.os)
 .debug_abbrev  0x000000000000d688       0x14 /home/rsarwar/Downloads/glibc-2.23/build/elf/rtld-libc.a(rtld-munmap.os)
 .debug_abbrev  0x000000000000d69c       0x14 /home/rsarwar/Downloads/glibc-2.23/build/elf/rtld-libc.a(rtld-mprotect.os)
 .debug_abbrev  0x000000000000d6b0       0x14 /home/rsarwar/Downloads/glibc-2.23/build/elf/rtld-libc.a(rtld-llseek.os)
 .debug_abbrev  0x000000000000d6c4       0x14 /home/rsarwar/Downloads/glibc-2.23/build/elf/rtld-libc.a(rtld-uname.os)
 .debug_abbrev  0x000000000000d6d8      0x190 /home/rsarwar/Downloads/glibc-2.23/build/elf/rtld-libc.a(rtld-_exit.os)
 .debug_abbrev  0x000000000000d868      0x15d /home/rsarwar/Downloads/glibc-2.23/build/elf/rtld-libc.a(rtld-getpid.os)
 .debug_abbrev  0x000000000000d9c5       0x8b /home/rsarwar/Downloads/glibc-2.23/build/elf/rtld-libc.a(rtld-environ.os)
 .debug_abbrev  0x000000000000da50       0x14 /home/rsarwar/Downloads/glibc-2.23/build/elf/rtld-libc.a(rtld-setjmp.os)
 .debug_abbrev  0x000000000000da64       0x14 /home/rsarwar/Downloads/glibc-2.23/build/elf/rtld-libc.a(rtld-__longjmp.os)
 .debug_abbrev  0x000000000000da78      0x397 /home/rsarwar/Downloads/glibc-2.23/build/elf/rtld-libc.a(rtld-sigaction.os)
 .debug_abbrev  0x000000000000de0f       0x14 /home/rsarwar/Downloads/glibc-2.23/build/elf/rtld-libc.a(rtld-strchr.os)
 .debug_abbrev  0x000000000000de23       0x14 /home/rsarwar/Downloads/glibc-2.23/build/elf/rtld-libc.a(rtld-strcmp.os)
 .debug_abbrev  0x000000000000de37      0x15b /home/rsarwar/Downloads/glibc-2.23/build/elf/rtld-libc.a(rtld-strdup.os)
 .debug_abbrev  0x000000000000df92       0x14 /home/rsarwar/Downloads/glibc-2.23/build/elf/rtld-libc.a(rtld-strlen.os)
 .debug_abbrev  0x000000000000dfa6       0x14 /home/rsarwar/Downloads/glibc-2.23/build/elf/rtld-libc.a(rtld-strnlen.os)
 .debug_abbrev  0x000000000000dfba       0x14 /home/rsarwar/Downloads/glibc-2.23/build/elf/rtld-libc.a(rtld-memchr.os)
 .debug_abbrev  0x000000000000dfce       0x14 /home/rsarwar/Downloads/glibc-2.23/build/elf/rtld-libc.a(rtld-memcmp.os)
 .debug_abbrev  0x000000000000dfe2       0xfd /home/rsarwar/Downloads/glibc-2.23/build/elf/rtld-libc.a(rtld-memmove.os)
 .debug_abbrev  0x000000000000e0df       0x14 /home/rsarwar/Downloads/glibc-2.23/build/elf/rtld-libc.a(rtld-memset.os)
 .debug_abbrev  0x000000000000e0f3       0x14 /home/rsarwar/Downloads/glibc-2.23/build/elf/rtld-libc.a(rtld-stpcpy.os)
 .debug_abbrev  0x000000000000e107       0x14 /home/rsarwar/Downloads/glibc-2.23/build/elf/rtld-libc.a(rtld-memcpy.os)
 .debug_abbrev  0x000000000000e11b      0x115 /home/rsarwar/Downloads/glibc-2.23/build/elf/rtld-libc.a(rtld-wordcopy.os)
 .debug_abbrev  0x000000000000e230       0x14 /home/rsarwar/Downloads/glibc-2.23/build/elf/rtld-libc.a(rtld-rawmemchr.os)
 .debug_abbrev  0x000000000000e244       0x14 /home/rsarwar/Downloads/glibc-2.23/build/elf/rtld-libc.a(rtld-setitimer.os)

.debug_line     0x0000000000000000    0x12716
 *(.debug_line .debug_line.* .debug_line_end)
 .debug_line    0x0000000000000000     0xe0b3 /home/rsarwar/Downloads/glibc-2.23/build/elf/dl-allobjs.os
 .debug_line    0x000000000000e0b3      0x297 /home/rsarwar/Downloads/glibc-2.23/build/elf/rtld-libc.a(rtld-check_fds.os)
 .debug_line    0x000000000000e34a      0x186 /home/rsarwar/Downloads/glibc-2.23/build/elf/rtld-libc.a(rtld-errno.os)
 .debug_line    0x000000000000e4d0      0x372 /home/rsarwar/Downloads/glibc-2.23/build/elf/rtld-libc.a(rtld-closedir.os)
 .debug_line    0x000000000000e842      0x3aa /home/rsarwar/Downloads/glibc-2.23/build/elf/rtld-libc.a(rtld-readdir.os)
 .debug_line    0x000000000000ebec      0x359 /home/rsarwar/Downloads/glibc-2.23/build/elf/rtld-libc.a(rtld-rewinddir.os)
 .debug_line    0x000000000000ef45      0x3a9 /home/rsarwar/Downloads/glibc-2.23/build/elf/rtld-libc.a(rtld-getdents.os)
 .debug_line    0x000000000000f2ee      0x3d1 /home/rsarwar/Downloads/glibc-2.23/build/elf/rtld-libc.a(rtld-fdopendir.os)
 .debug_line    0x000000000000f6bf      0x2d3 /home/rsarwar/Downloads/glibc-2.23/build/elf/rtld-libc.a(rtld-profil.os)
 .debug_line    0x000000000000f992      0x3d5 /home/rsarwar/Downloads/glibc-2.23/build/elf/rtld-libc.a(rtld-prof-freq.os)
 .debug_line    0x000000000000fd67      0x207 /home/rsarwar/Downloads/glibc-2.23/build/elf/rtld-libc.a(rtld-xstat.os)
 .debug_line    0x000000000000ff6e      0x206 /home/rsarwar/Downloads/glibc-2.23/build/elf/rtld-libc.a(rtld-fxstat.os)
 .debug_line    0x0000000000010174      0x208 /home/rsarwar/Downloads/glibc-2.23/build/elf/rtld-libc.a(rtld-lxstat.os)
 .debug_line    0x000000000001037c       0x59 /home/rsarwar/Downloads/glibc-2.23/build/elf/rtld-libc.a(rtld-open.os)
 .debug_line    0x00000000000103d5       0x59 /home/rsarwar/Downloads/glibc-2.23/build/elf/rtld-libc.a(rtld-read.os)
 .debug_line    0x000000000001042e       0x59 /home/rsarwar/Downloads/glibc-2.23/build/elf/rtld-libc.a(rtld-write.os)
 .debug_line    0x0000000000010487       0x59 /home/rsarwar/Downloads/glibc-2.23/build/elf/rtld-libc.a(rtld-access.os)
 .debug_line    0x00000000000104e0      0x36f /home/rsarwar/Downloads/glibc-2.23/build/elf/rtld-libc.a(rtld-fcntl.os)
 .debug_line    0x000000000001084f       0x59 /home/rsarwar/Downloads/glibc-2.23/build/elf/rtld-libc.a(rtld-close.os)
 .debug_line    0x00000000000108a8      0x415 /home/rsarwar/Downloads/glibc-2.23/build/elf/rtld-libc.a(rtld-mmap.os)
 .debug_line    0x0000000000010cbd       0x59 /home/rsarwar/Downloads/glibc-2.23/build/elf/rtld-libc.a(rtld-munmap.os)
 .debug_line    0x0000000000010d16       0x59 /home/rsarwar/Downloads/glibc-2.23/build/elf/rtld-libc.a(rtld-mprotect.os)
 .debug_line    0x0000000000010d6f       0x59 /home/rsarwar/Downloads/glibc-2.23/build/elf/rtld-libc.a(rtld-llseek.os)
 .debug_line    0x0000000000010dc8       0x59 /home/rsarwar/Downloads/glibc-2.23/build/elf/rtld-libc.a(rtld-uname.os)
 .debug_line    0x0000000000010e21      0x1fc /home/rsarwar/Downloads/glibc-2.23/build/elf/rtld-libc.a(rtld-_exit.os)
 .debug_line    0x000000000001101d      0x1d9 /home/rsarwar/Downloads/glibc-2.23/build/elf/rtld-libc.a(rtld-getpid.os)
 .debug_line    0x00000000000111f6       0x62 /home/rsarwar/Downloads/glibc-2.23/build/elf/rtld-libc.a(rtld-environ.os)
 .debug_line    0x0000000000011258       0x5f /home/rsarwar/Downloads/glibc-2.23/build/elf/rtld-libc.a(rtld-setjmp.os)
 .debug_line    0x00000000000112b7       0x61 /home/rsarwar/Downloads/glibc-2.23/build/elf/rtld-libc.a(rtld-__longjmp.os)
 .debug_line    0x0000000000011318      0x422 /home/rsarwar/Downloads/glibc-2.23/build/elf/rtld-libc.a(rtld-sigaction.os)
 .debug_line    0x000000000001173a       0xde /home/rsarwar/Downloads/glibc-2.23/build/elf/rtld-libc.a(rtld-strchr.os)
 .debug_line    0x0000000000011818      0x49c /home/rsarwar/Downloads/glibc-2.23/build/elf/rtld-libc.a(rtld-strcmp.os)
 .debug_line    0x0000000000011cb4       0xbf /home/rsarwar/Downloads/glibc-2.23/build/elf/rtld-libc.a(rtld-strdup.os)
 .debug_line    0x0000000000011d73       0x98 /home/rsarwar/Downloads/glibc-2.23/build/elf/rtld-libc.a(rtld-strlen.os)
 .debug_line    0x0000000000011e0b       0x98 /home/rsarwar/Downloads/glibc-2.23/build/elf/rtld-libc.a(rtld-strnlen.os)
 .debug_line    0x0000000000011ea3      0x117 /home/rsarwar/Downloads/glibc-2.23/build/elf/rtld-libc.a(rtld-memchr.os)
 .debug_line    0x0000000000011fba      0x159 /home/rsarwar/Downloads/glibc-2.23/build/elf/rtld-libc.a(rtld-memcmp.os)
 .debug_line    0x0000000000012113      0x11f /home/rsarwar/Downloads/glibc-2.23/build/elf/rtld-libc.a(rtld-memmove.os)
 .debug_line    0x0000000000012232       0x95 /home/rsarwar/Downloads/glibc-2.23/build/elf/rtld-libc.a(rtld-memset.os)
 .debug_line    0x00000000000122c7       0xa2 /home/rsarwar/Downloads/glibc-2.23/build/elf/rtld-libc.a(rtld-stpcpy.os)
 .debug_line    0x0000000000012369       0xc0 /home/rsarwar/Downloads/glibc-2.23/build/elf/rtld-libc.a(rtld-memcpy.os)
 .debug_line    0x0000000000012429      0x1cc /home/rsarwar/Downloads/glibc-2.23/build/elf/rtld-libc.a(rtld-wordcopy.os)
 .debug_line    0x00000000000125f5       0xc8 /home/rsarwar/Downloads/glibc-2.23/build/elf/rtld-libc.a(rtld-rawmemchr.os)
 .debug_line    0x00000000000126bd       0x59 /home/rsarwar/Downloads/glibc-2.23/build/elf/rtld-libc.a(rtld-setitimer.os)

.debug_frame
 *(.debug_frame)

.debug_str      0x0000000000000000    0x68dc6
 *(.debug_str)
 .debug_str     0x0000000000000000    0x554c3 /home/rsarwar/Downloads/glibc-2.23/build/elf/dl-allobjs.os
 .debug_str     0x00000000000554c3      0x799 /home/rsarwar/Downloads/glibc-2.23/build/elf/rtld-libc.a(rtld-check_fds.os)
 .debug_str     0x0000000000055c5c      0x52c /home/rsarwar/Downloads/glibc-2.23/build/elf/rtld-libc.a(rtld-errno.os)
 .debug_str     0x0000000000056188     0x16b0 /home/rsarwar/Downloads/glibc-2.23/build/elf/rtld-libc.a(rtld-closedir.os)
 .debug_str     0x0000000000057838     0x171e /home/rsarwar/Downloads/glibc-2.23/build/elf/rtld-libc.a(rtld-readdir.os)
 .debug_str     0x0000000000058f56     0x1663 /home/rsarwar/Downloads/glibc-2.23/build/elf/rtld-libc.a(rtld-rewinddir.os)
 .debug_str     0x000000000005a5b9     0x17b4 /home/rsarwar/Downloads/glibc-2.23/build/elf/rtld-libc.a(rtld-getdents.os)
 .debug_str     0x000000000005bd6d     0x17c4 /home/rsarwar/Downloads/glibc-2.23/build/elf/rtld-libc.a(rtld-fdopendir.os)
 .debug_str     0x000000000005d531      0x81e /home/rsarwar/Downloads/glibc-2.23/build/elf/rtld-libc.a(rtld-profil.os)
 .debug_str     0x000000000005dd4f     0x2750 /home/rsarwar/Downloads/glibc-2.23/build/elf/rtld-libc.a(rtld-prof-freq.os)
 .debug_str     0x000000000006049f      0x695 /home/rsarwar/Downloads/glibc-2.23/build/elf/rtld-libc.a(rtld-xstat.os)
 .debug_str     0x0000000000060b34      0x693 /home/rsarwar/Downloads/glibc-2.23/build/elf/rtld-libc.a(rtld-fxstat.os)
 .debug_str     0x00000000000611c7      0x698 /home/rsarwar/Downloads/glibc-2.23/build/elf/rtld-libc.a(rtld-lxstat.os)
 .debug_str     0x000000000006185f       0x55 /home/rsarwar/Downloads/glibc-2.23/build/elf/rtld-libc.a(rtld-open.os)
 .debug_str     0x00000000000618b4       0x55 /home/rsarwar/Downloads/glibc-2.23/build/elf/rtld-libc.a(rtld-read.os)
 .debug_str     0x0000000000061909       0x55 /home/rsarwar/Downloads/glibc-2.23/build/elf/rtld-libc.a(rtld-write.os)
 .debug_str     0x000000000006195e       0x55 /home/rsarwar/Downloads/glibc-2.23/build/elf/rtld-libc.a(rtld-access.os)
 .debug_str     0x00000000000619b3     0x18b8 /home/rsarwar/Downloads/glibc-2.23/build/elf/rtld-libc.a(rtld-fcntl.os)
 .debug_str     0x000000000006326b       0x55 /home/rsarwar/Downloads/glibc-2.23/build/elf/rtld-libc.a(rtld-close.os)
 .debug_str     0x00000000000632c0     0x27d7 /home/rsarwar/Downloads/glibc-2.23/build/elf/rtld-libc.a(rtld-mmap.os)
 .debug_str     0x0000000000065a97       0x57 /home/rsarwar/Downloads/glibc-2.23/build/elf/rtld-libc.a(rtld-munmap.os)
 .debug_str     0x0000000000065aee       0x57 /home/rsarwar/Downloads/glibc-2.23/build/elf/rtld-libc.a(rtld-mprotect.os)
 .debug_str     0x0000000000065b45       0x57 /home/rsarwar/Downloads/glibc-2.23/build/elf/rtld-libc.a(rtld-llseek.os)
 .debug_str     0x0000000000065b9c       0x58 /home/rsarwar/Downloads/glibc-2.23/build/elf/rtld-libc.a(rtld-uname.os)
 .debug_str     0x0000000000065bf4      0x605 /home/rsarwar/Downloads/glibc-2.23/build/elf/rtld-libc.a(rtld-_exit.os)
 .debug_str     0x00000000000661f9      0x5c4 /home/rsarwar/Downloads/glibc-2.23/build/elf/rtld-libc.a(rtld-getpid.os)
 .debug_str     0x00000000000667bd      0x1f3 /home/rsarwar/Downloads/glibc-2.23/build/elf/rtld-libc.a(rtld-environ.os)
 .debug_str     0x00000000000669b0       0x51 /home/rsarwar/Downloads/glibc-2.23/build/elf/rtld-libc.a(rtld-setjmp.os)
 .debug_str     0x0000000000066a01       0x54 /home/rsarwar/Downloads/glibc-2.23/build/elf/rtld-libc.a(rtld-__longjmp.os)
 .debug_str     0x0000000000066a55     0x19bf /home/rsarwar/Downloads/glibc-2.23/build/elf/rtld-libc.a(rtld-sigaction.os)
 .debug_str     0x0000000000068414       0x5e /home/rsarwar/Downloads/glibc-2.23/build/elf/rtld-libc.a(rtld-strchr.os)
 .debug_str     0x0000000000068472       0x5e /home/rsarwar/Downloads/glibc-2.23/build/elf/rtld-libc.a(rtld-strcmp.os)
 .debug_str     0x00000000000684d0      0x1f1 /home/rsarwar/Downloads/glibc-2.23/build/elf/rtld-libc.a(rtld-strdup.os)
 .debug_str     0x00000000000686c1       0x51 /home/rsarwar/Downloads/glibc-2.23/build/elf/rtld-libc.a(rtld-strlen.os)
 .debug_str     0x0000000000068712       0x51 /home/rsarwar/Downloads/glibc-2.23/build/elf/rtld-libc.a(rtld-strnlen.os)
 .debug_str     0x0000000000068763       0x51 /home/rsarwar/Downloads/glibc-2.23/build/elf/rtld-libc.a(rtld-memchr.os)
 .debug_str     0x00000000000687b4       0x5e /home/rsarwar/Downloads/glibc-2.23/build/elf/rtld-libc.a(rtld-memcmp.os)
 .debug_str     0x0000000000068812      0x219 /home/rsarwar/Downloads/glibc-2.23/build/elf/rtld-libc.a(rtld-memmove.os)
 .debug_str     0x0000000000068a2b       0x5e /home/rsarwar/Downloads/glibc-2.23/build/elf/rtld-libc.a(rtld-memset.os)
 .debug_str     0x0000000000068a89       0x5e /home/rsarwar/Downloads/glibc-2.23/build/elf/rtld-libc.a(rtld-stpcpy.os)
 .debug_str     0x0000000000068ae7       0x5e /home/rsarwar/Downloads/glibc-2.23/build/elf/rtld-libc.a(rtld-memcpy.os)
 .debug_str     0x0000000000068b45      0x1d6 /home/rsarwar/Downloads/glibc-2.23/build/elf/rtld-libc.a(rtld-wordcopy.os)
 .debug_str     0x0000000000068d1b       0x54 /home/rsarwar/Downloads/glibc-2.23/build/elf/rtld-libc.a(rtld-rawmemchr.os)
 .debug_str     0x0000000000068d6f       0x57 /home/rsarwar/Downloads/glibc-2.23/build/elf/rtld-libc.a(rtld-setitimer.os)

.debug_loc      0x0000000000000000    0x320a4
 *(.debug_loc)
 .debug_loc     0x0000000000000000    0x2ec01 /home/rsarwar/Downloads/glibc-2.23/build/elf/dl-allobjs.os
 .debug_loc     0x000000000002ec01      0x232 /home/rsarwar/Downloads/glibc-2.23/build/elf/rtld-libc.a(rtld-check_fds.os)
 .debug_loc     0x000000000002ee33      0x141 /home/rsarwar/Downloads/glibc-2.23/build/elf/rtld-libc.a(rtld-closedir.os)
 .debug_loc     0x000000000002ef74      0x1a8 /home/rsarwar/Downloads/glibc-2.23/build/elf/rtld-libc.a(rtld-readdir.os)
 .debug_loc     0x000000000002f11c       0x4c /home/rsarwar/Downloads/glibc-2.23/build/elf/rtld-libc.a(rtld-rewinddir.os)
 .debug_loc     0x000000000002f168      0x306 /home/rsarwar/Downloads/glibc-2.23/build/elf/rtld-libc.a(rtld-getdents.os)
 .debug_loc     0x000000000002f46e       0xbe /home/rsarwar/Downloads/glibc-2.23/build/elf/rtld-libc.a(rtld-fdopendir.os)
 .debug_loc     0x000000000002f52c      0x23a /home/rsarwar/Downloads/glibc-2.23/build/elf/rtld-libc.a(rtld-profil.os)
 .debug_loc     0x000000000002f766      0x182 /home/rsarwar/Downloads/glibc-2.23/build/elf/rtld-libc.a(rtld-xstat.os)
 .debug_loc     0x000000000002f8e8      0x136 /home/rsarwar/Downloads/glibc-2.23/build/elf/rtld-libc.a(rtld-fxstat.os)
 .debug_loc     0x000000000002fa1e      0x182 /home/rsarwar/Downloads/glibc-2.23/build/elf/rtld-libc.a(rtld-lxstat.os)
 .debug_loc     0x000000000002fba0      0x226 /home/rsarwar/Downloads/glibc-2.23/build/elf/rtld-libc.a(rtld-fcntl.os)
 .debug_loc     0x000000000002fdc6      0x5c3 /home/rsarwar/Downloads/glibc-2.23/build/elf/rtld-libc.a(rtld-mmap.os)
 .debug_loc     0x0000000000030389      0x158 /home/rsarwar/Downloads/glibc-2.23/build/elf/rtld-libc.a(rtld-_exit.os)
 .debug_loc     0x00000000000304e1      0x385 /home/rsarwar/Downloads/glibc-2.23/build/elf/rtld-libc.a(rtld-sigaction.os)
 .debug_loc     0x0000000000030866      0x107 /home/rsarwar/Downloads/glibc-2.23/build/elf/rtld-libc.a(rtld-strdup.os)
 .debug_loc     0x000000000003096d      0x698 /home/rsarwar/Downloads/glibc-2.23/build/elf/rtld-libc.a(rtld-memmove.os)
 .debug_loc     0x0000000000031005     0x109f /home/rsarwar/Downloads/glibc-2.23/build/elf/rtld-libc.a(rtld-wordcopy.os)

.debug_macinfo
 *(.debug_macinfo)

.debug_weaknames
 *(.debug_weaknames)

.debug_funcnames
 *(.debug_funcnames)

.debug_typenames
 *(.debug_typenames)

.debug_varnames
 *(.debug_varnames)

.debug_pubtypes
 *(.debug_pubtypes)

.debug_ranges   0x0000000000000000     0x7db0
 *(.debug_ranges)
 .debug_ranges  0x0000000000000000     0x77c0 /home/rsarwar/Downloads/glibc-2.23/build/elf/dl-allobjs.os
 .debug_ranges  0x00000000000077c0       0x70 /home/rsarwar/Downloads/glibc-2.23/build/elf/rtld-libc.a(rtld-check_fds.os)
 .debug_ranges  0x0000000000007830       0x30 /home/rsarwar/Downloads/glibc-2.23/build/elf/rtld-libc.a(rtld-closedir.os)
 .debug_ranges  0x0000000000007860       0xa0 /home/rsarwar/Downloads/glibc-2.23/build/elf/rtld-libc.a(rtld-readdir.os)
 .debug_ranges  0x0000000000007900       0xd0 /home/rsarwar/Downloads/glibc-2.23/build/elf/rtld-libc.a(rtld-getdents.os)
 .debug_ranges  0x00000000000079d0       0x30 /home/rsarwar/Downloads/glibc-2.23/build/elf/rtld-libc.a(rtld-profil.os)
 .debug_ranges  0x0000000000007a00       0x30 /home/rsarwar/Downloads/glibc-2.23/build/elf/rtld-libc.a(rtld-xstat.os)
 .debug_ranges  0x0000000000007a30       0x30 /home/rsarwar/Downloads/glibc-2.23/build/elf/rtld-libc.a(rtld-fxstat.os)
 .debug_ranges  0x0000000000007a60       0x30 /home/rsarwar/Downloads/glibc-2.23/build/elf/rtld-libc.a(rtld-lxstat.os)
 .debug_ranges  0x0000000000007a90       0x40 /home/rsarwar/Downloads/glibc-2.23/build/elf/rtld-libc.a(rtld-fcntl.os)
 .debug_ranges  0x0000000000007ad0       0x60 /home/rsarwar/Downloads/glibc-2.23/build/elf/rtld-libc.a(rtld-mmap.os)
 .debug_ranges  0x0000000000007b30       0x90 /home/rsarwar/Downloads/glibc-2.23/build/elf/rtld-libc.a(rtld-_exit.os)
 .debug_ranges  0x0000000000007bc0       0xc0 /home/rsarwar/Downloads/glibc-2.23/build/elf/rtld-libc.a(rtld-sigaction.os)
 .debug_ranges  0x0000000000007c80      0x130 /home/rsarwar/Downloads/glibc-2.23/build/elf/rtld-libc.a(rtld-memmove.os)

.debug_macro
 *(.debug_macro)

.debug_addr
 *(.debug_addr)

.gnu.attributes
 *(.gnu.attributes)
OUTPUT(/home/rsarwar/Downloads/glibc-2.23/build/elf/librtld.os elf64-x86-64)
